Component: ARM Compiler 5.05 update 1 (build 106) Tool: armlink [4d0f33]

==============================================================================

Section Cross References

    startup_stm32f10x_hd.o(RESET) refers to startup_stm32f10x_hd.o(STACK) for __initial_sp
    startup_stm32f10x_hd.o(RESET) refers to startup_stm32f10x_hd.o(.text) for Reset_Handler
    startup_stm32f10x_hd.o(RESET) refers to stm32f10x_it.o(i.NMI_Handler) for NMI_Handler
    startup_stm32f10x_hd.o(RESET) refers to stm32f10x_it.o(i.HardFault_Handler) for HardFault_Handler
    startup_stm32f10x_hd.o(RESET) refers to stm32f10x_it.o(i.MemManage_Handler) for MemManage_Handler
    startup_stm32f10x_hd.o(RESET) refers to stm32f10x_it.o(i.BusFault_Handler) for BusFault_Handler
    startup_stm32f10x_hd.o(RESET) refers to stm32f10x_it.o(i.UsageFault_Handler) for UsageFault_Handler
    startup_stm32f10x_hd.o(RESET) refers to stm32f10x_it.o(i.SVC_Handler) for SVC_Handler
    startup_stm32f10x_hd.o(RESET) refers to stm32f10x_it.o(i.DebugMon_Handler) for DebugMon_Handler
    startup_stm32f10x_hd.o(RESET) refers to stm32f10x_it.o(i.PendSV_Handler) for PendSV_Handler
    startup_stm32f10x_hd.o(RESET) refers to stm32f10x_it.o(i.SysTick_Handler) for SysTick_Handler
    startup_stm32f10x_hd.o(RESET) refers to stm32f10x_it.o(i.USART1_IRQHandler) for USART1_IRQHandler
    startup_stm32f10x_hd.o(RESET) refers to uart2.o(i.UART4_IRQHandler) for UART4_IRQHandler
    startup_stm32f10x_hd.o(.text) refers to system_stm32f10x.o(i.SystemInit) for SystemInit
    startup_stm32f10x_hd.o(.text) refers to entry.o(.ARM.Collect$$$$00000000) for __main
    system_stm32f10x.o(i.SetSysClock) refers to system_stm32f10x.o(i.SetSysClockTo72) for SetSysClockTo72
    system_stm32f10x.o(i.SystemCoreClockUpdate) refers to system_stm32f10x.o(.data) for SystemCoreClock
    system_stm32f10x.o(i.SystemInit) refers to system_stm32f10x.o(i.SetSysClock) for SetSysClock
    stm32f10x_gpio.o(i.GPIO_AFIODeInit) refers to stm32f10x_rcc.o(i.RCC_APB2PeriphResetCmd) for RCC_APB2PeriphResetCmd
    stm32f10x_gpio.o(i.GPIO_DeInit) refers to stm32f10x_rcc.o(i.RCC_APB2PeriphResetCmd) for RCC_APB2PeriphResetCmd
    stm32f10x_rcc.o(i.RCC_GetClocksFreq) refers to stm32f10x_rcc.o(.data) for APBAHBPrescTable
    stm32f10x_rcc.o(i.RCC_WaitForHSEStartUp) refers to stm32f10x_rcc.o(i.RCC_GetFlagStatus) for RCC_GetFlagStatus
    stm32f10x_rtc.o(i.RTC_SetAlarm) refers to stm32f10x_rtc.o(i.RTC_EnterConfigMode) for RTC_EnterConfigMode
    stm32f10x_rtc.o(i.RTC_SetAlarm) refers to stm32f10x_rtc.o(i.RTC_ExitConfigMode) for RTC_ExitConfigMode
    stm32f10x_rtc.o(i.RTC_SetCounter) refers to stm32f10x_rtc.o(i.RTC_EnterConfigMode) for RTC_EnterConfigMode
    stm32f10x_rtc.o(i.RTC_SetCounter) refers to stm32f10x_rtc.o(i.RTC_ExitConfigMode) for RTC_ExitConfigMode
    stm32f10x_rtc.o(i.RTC_SetPrescaler) refers to stm32f10x_rtc.o(i.RTC_EnterConfigMode) for RTC_EnterConfigMode
    stm32f10x_rtc.o(i.RTC_SetPrescaler) refers to stm32f10x_rtc.o(i.RTC_ExitConfigMode) for RTC_ExitConfigMode
    stm32f10x_tim.o(i.TIM_DeInit) refers to stm32f10x_rcc.o(i.RCC_APB2PeriphResetCmd) for RCC_APB2PeriphResetCmd
    stm32f10x_tim.o(i.TIM_DeInit) refers to stm32f10x_rcc.o(i.RCC_APB1PeriphResetCmd) for RCC_APB1PeriphResetCmd
    stm32f10x_tim.o(i.TIM_ETRClockMode1Config) refers to stm32f10x_tim.o(i.TIM_ETRConfig) for TIM_ETRConfig
    stm32f10x_tim.o(i.TIM_ETRClockMode2Config) refers to stm32f10x_tim.o(i.TIM_ETRConfig) for TIM_ETRConfig
    stm32f10x_tim.o(i.TIM_ICInit) refers to stm32f10x_tim.o(i.TI1_Config) for TI1_Config
    stm32f10x_tim.o(i.TIM_ICInit) refers to stm32f10x_tim.o(i.TIM_SetIC1Prescaler) for TIM_SetIC1Prescaler
    stm32f10x_tim.o(i.TIM_ICInit) refers to stm32f10x_tim.o(i.TI2_Config) for TI2_Config
    stm32f10x_tim.o(i.TIM_ICInit) refers to stm32f10x_tim.o(i.TIM_SetIC2Prescaler) for TIM_SetIC2Prescaler
    stm32f10x_tim.o(i.TIM_ICInit) refers to stm32f10x_tim.o(i.TI3_Config) for TI3_Config
    stm32f10x_tim.o(i.TIM_ICInit) refers to stm32f10x_tim.o(i.TIM_SetIC3Prescaler) for TIM_SetIC3Prescaler
    stm32f10x_tim.o(i.TIM_ICInit) refers to stm32f10x_tim.o(i.TI4_Config) for TI4_Config
    stm32f10x_tim.o(i.TIM_ICInit) refers to stm32f10x_tim.o(i.TIM_SetIC4Prescaler) for TIM_SetIC4Prescaler
    stm32f10x_tim.o(i.TIM_ITRxExternalClockConfig) refers to stm32f10x_tim.o(i.TIM_SelectInputTrigger) for TIM_SelectInputTrigger
    stm32f10x_tim.o(i.TIM_PWMIConfig) refers to stm32f10x_tim.o(i.TI1_Config) for TI1_Config
    stm32f10x_tim.o(i.TIM_PWMIConfig) refers to stm32f10x_tim.o(i.TIM_SetIC1Prescaler) for TIM_SetIC1Prescaler
    stm32f10x_tim.o(i.TIM_PWMIConfig) refers to stm32f10x_tim.o(i.TI2_Config) for TI2_Config
    stm32f10x_tim.o(i.TIM_PWMIConfig) refers to stm32f10x_tim.o(i.TIM_SetIC2Prescaler) for TIM_SetIC2Prescaler
    stm32f10x_tim.o(i.TIM_TIxExternalClockConfig) refers to stm32f10x_tim.o(i.TI2_Config) for TI2_Config
[...]
    printf5.o(i.__0fprintf$5) refers to printf5.o(i._printf_core) for _printf_core
    printf5.o(i.__0fprintf$5) refers to dma_uart.o(i.fputc) for fputc
    printf5.o(i.__0printf$5) refers to printf5.o(i._printf_core) for _printf_core
    printf5.o(i.__0printf$5) refers to dma_uart.o(i.fputc) for fputc
    printf5.o(i.__0printf$5) refers to stdout.o(.data) for __stdout
    printf5.o(i.__0snprintf$5) refers to printf5.o(i._printf_core) for _printf_core
    printf5.o(i.__0snprintf$5) refers to printf5.o(i._snputc) for _snputc
    printf5.o(i.__0sprintf$5) refers to printf5.o(i._printf_core) for _printf_core
    printf5.o(i.__0sprintf$5) refers to printf5.o(i._sputc) for _sputc
    printf5.o(i.__0vfprintf$5) refers to printf5.o(i._printf_core) for _printf_core
    printf5.o(i.__0vfprintf$5) refers to dma_uart.o(i.fputc) for fputc
    printf5.o(i.__0vprintf$5) refers to printf5.o(i._printf_core) for _printf_core
    printf5.o(i.__0vprintf$5) refers to dma_uart.o(i.fputc) for fputc
    printf5.o(i.__0vprintf$5) refers to stdout.o(.data) for __stdout
    printf5.o(i.__0vsnprintf$5) refers to printf5.o(i._printf_core) for _printf_core
    printf5.o(i.__0vsnprintf$5) refers to printf5.o(i._snputc) for _snputc
    printf5.o(i.__0vsprintf$5) refers to printf5.o(i._printf_core) for _printf_core
    printf5.o(i.__0vsprintf$5) refers to printf5.o(i._sputc) for _sputc
    printf5.o(i._printf_core) refers to uldiv.o(.text) for __aeabi_uldivmod
    printf6.o(i.__0fprintf$6) refers to printf6.o(i._printf_core) for _printf_core
    printf6.o(i.__0fprintf$6) refers to dma_uart.o(i.fputc) for fputc
    printf6.o(i.__0printf$6) refers to printf6.o(i._printf_core) for _printf_core
    printf6.o(i.__0printf$6) refers to dma_uart.o(i.fputc) for fputc
    printf6.o(i.__0printf$6) refers to stdout.o(.data) for __stdout
    printf6.o(i.__0snprintf$6) refers to printf6.o(i._printf_core) for _printf_core
    printf6.o(i.__0snprintf$6) refers to printf6.o(i._snputc) for _snputc
    printf6.o(i.__0sprintf$6) refers to printf6.o(i._printf_core) for _printf_core
    printf6.o(i.__0sprintf$6) refers to printf6.o(i._sputc) for _sputc
    printf6.o(i.__0vfprintf$6) refers to printf6.o(i._printf_core) for _printf_core
    printf6.o(i.__0vfprintf$6) refers to dma_uart.o(i.fputc) for fputc
    printf6.o(i.__0vprintf$6) refers to printf6.o(i._printf_core) for _printf_core
    printf6.o(i.__0vprintf$6) refers to dma_uart.o(i.fputc) for fputc
    printf6.o(i.__0vprintf$6) refers to stdout.o(.data) for __stdout
    printf6.o(i.__0vsnprintf$6) refers to printf6.o(i._printf_core) for _printf_core
    printf6.o(i.__0vsnprintf$6) refers to printf6.o(i._snputc) for _snputc
    printf6.o(i.__0vsprintf$6) refers to printf6.o(i._printf_core) for _printf_core
    printf6.o(i.__0vsprintf$6) refers to printf6.o(i._sputc) for _sputc
    printf6.o(i._printf_core) refers to printf6.o(i._printf_pre_padding) for _printf_pre_padding
    printf6.o(i._printf_core) refers to uidiv.o(.text) for __aeabi_uidivmod
    printf6.o(i._printf_core) refers to printf6.o(i._printf_post_padding) for _printf_post_padding
    printf7.o(i.__0fprintf$7) refers to printf7.o(i._printf_core) for _printf_core
    printf7.o(i.__0fprintf$7) refers to dma_uart.o(i.fputc) for fputc
    printf7.o(i.__0printf$7) refers to printf7.o(i._printf_core) for _printf_core
    printf7.o(i.__0printf$7) refers to dma_uart.o(i.fputc) for fputc
    printf7.o(i.__0printf$7) refers to stdout.o(.data) for __stdout
    printf7.o(i.__0snprintf$7) refers to printf7.o(i._printf_core) for _printf_core
    printf7.o(i.__0snprintf$7) refers to printf7.o(i._snputc) for _snputc
    printf7.o(i.__0sprintf$7) refers to printf7.o(i._printf_core) for _printf_core
    printf7.o(i.__0sprintf$7) refers to printf7.o(i._sputc) for _sputc
    printf7.o(i.__0vfprintf$7) refers to printf7.o(i._printf_core) for _printf_core
    printf7.o(i.__0vfprintf$7) refers to dma_uart.o(i.fputc) for fputc
    printf7.o(i.__0vprintf$7) refers to printf7.o(i._printf_core) for _printf_core
    printf7.o(i.__0vprintf$7) refers to dma_uart.o(i.fputc) for fputc
    printf7.o(i.__0vprintf$7) refers to stdout.o(.data) for __stdout
    printf7.o(i.__0vsnprintf$7) refers to printf7.o(i._printf_core) for _printf_core
    printf7.o(i.__0vsnprintf$7) refers to printf7.o(i._snputc) for _snputc
    printf7.o(i.__0vsprintf$7) refers to printf7.o(i._printf_core) for _printf_core
    printf7.o(i.__0vsprintf$7) refers to printf7.o(i._sputc) for _sputc
    printf7.o(i._printf_core) refers to printf7.o(i._printf_pre_padding) for _printf_pre_padding
    printf7.o(i._printf_core) refers to uldiv.o(.text) for __aeabi_uldivmod
    printf7.o(i._printf_core) refers to printf7.o(i._printf_post_padding) for _printf_post_padding
    printf8.o(i.__0fprintf$8) refers to printf8.o(i._printf_core) for _printf_core
    printf8.o(i.__0fprintf$8) refers to dma_uart.o(i.fputc) for fputc
    printf8.o(i.__0printf$8) refers to printf8.o(i._printf_core) for _printf_core
    printf8.o(i.__0printf$8) refers to dma_uart.o(i.fputc) for fputc
    printf8.o(i.__0printf$8) refers to stdout.o(.data) for __stdout
    printf8.o(i.__0snprintf$8) refers to printf8.o(i._printf_core) for _printf_core
    printf8.o(i.__0snprintf$8) refers to printf8.o(i._snputc) for _snputc
    printf8.o(i.__0sprintf$8) refers to printf8.o(i._printf_core) for _printf_core
    printf8.o(i.__0sprintf$8) refers to printf8.o(i._sputc) for _sputc
    printf8.o(i.__0vfprintf$8) refers to printf8.o(i._printf_core) for _printf_core
    printf8.o(i.__0vfprintf$8) refers to dma_uart.o(i.fputc) for fputc
    printf8.o(i.__0vprintf$8) refers to printf8.o(i._printf_core) for _printf_core
    printf8.o(i.__0vprintf$8) refers to dma_uart.o(i.fputc) for fputc
    printf8.o(i.__0vprintf$8) refers to stdout.o(.data) for __stdout
    printf8.o(i.__0vsnprintf$8) refers to printf8.o(i._printf_core) for _printf_core
    printf8.o(i.__0vsnprintf$8) refers to printf8.o(i._snputc) for _snputc
    printf8.o(i.__0vsprintf$8) refers to printf8.o(i._printf_core) for _printf_core
    printf8.o(i.__0vsprintf$8) refers to printf8.o(i._sputc) for _sputc
    printf8.o(i._printf_core) refers to printf8.o(i._printf_pre_padding) for _printf_pre_padding
    printf8.o(i._printf_core) refers to uldiv.o(.text) for __aeabi_uldivmod
    printf8.o(i._printf_core) refers to printf8.o(i._printf_post_padding) for _printf_post_padding
    printfa.o(i.__0fprintf) refers (Special) to iusefp.o(.text) for __I$use$fp
    printfa.o(i.__0fprintf) refers to printfa.o(i._printf_core) for _printf_core
    printfa.o(i.__0fprintf) refers to dma_uart.o(i.fputc) for fputc
    printfa.o(i.__0printf) refers (Special) to iusefp.o(.text) for __I$use$fp
    printfa.o(i.__0printf) refers to printfa.o(i._printf_core) for _printf_core
    printfa.o(i.__0printf) refers to dma_uart.o(i.fputc) for fputc
    printfa.o(i.__0printf) refers to stdout.o(.data) for __stdout
    printfa.o(i.__0snprintf) refers (Special) to iusefp.o(.text) for __I$use$fp
    printfa.o(i.__0snprintf) refers to printfa.o(i._printf_core) for _printf_core
    printfa.o(i.__0snprintf) refers to printfa.o(i._snputc) for _snputc
    printfa.o(i.__0sprintf) refers (Special) to iusefp.o(.text) for __I$use$fp
    printfa.o(i.__0sprintf) refers to printfa.o(i._printf_core) for _printf_core
    printfa.o(i.__0sprintf) refers to printfa.o(i._sputc) for _sputc
    printfa.o(i.__0vfprintf) refers (Special) to iusefp.o(.text) for __I$use$fp
    printfa.o(i.__0vfprintf) refers to printfa.o(i._printf_core) for _printf_core
    printfa.o(i.__0vfprintf) refers to dma_uart.o(i.fputc) for fputc
    printfa.o(i.__0vprintf) refers (Special) to iusefp.o(.text) for __I$use$fp
    printfa.o(i.__0vprintf) refers to printfa.o(i._printf_core) for _printf_core
    printfa.o(i.__0vprintf) refers to dma_uart.o(i.fputc) for fputc
    printfa.o(i.__0vprintf) refers to stdout.o(.data) for __stdout
    printfa.o(i.__0vsnprintf) refers (Special) to iusefp.o(.text) for __I$use$fp
    printfa.o(i.__0vsnprintf) refers to printfa.o(i._printf_core) for _printf_core
    printfa.o(i.__0vsnprintf) refers to printfa.o(i._snputc) for _snputc
    printfa.o(i.__0vsprintf) refers (Special) to iusefp.o(.text) for __I$use$fp
    printfa.o(i.__0vsprintf) refers to printfa.o(i._printf_core) for _printf_core
    printfa.o(i.__0vsprintf) refers to printfa.o(i._sputc) for _sputc
    printfa.o(i._fp_digits) refers (Special) to iusefp.o(.text) for __I$use$fp
    printfa.o(i._fp_digits) refers to dmul.o(.text) for __aeabi_dmul
    printfa.o(i._fp_digits) refers to ddiv.o(.text) for __aeabi_ddiv
    printfa.o(i._fp_digits) refers to cdrcmple.o(.text) for __aeabi_cdrcmple
    printfa.o(i._fp_digits) refers to dadd.o(.text) for __aeabi_dadd
    printfa.o(i._fp_digits) refers to dfixul.o(.text) for __aeabi_d2ulz
    printfa.o(i._fp_digits) refers to uldiv.o(.text) for __aeabi_uldivmod
    printfa.o(i._printf_core) refers (Special) to iusefp.o(.text) for __I$use$fp
    printfa.o(i._printf_core) refers to printfa.o(i._printf_pre_padding) for _printf_pre_padding
    printfa.o(i._printf_core) refers to uldiv.o(.text) for __aeabi_uldivmod
    printfa.o(i._printf_core) refers to printfa.o(i._printf_post_padding) for _printf_post_padding
    printfa.o(i._printf_core) refers to printfa.o(i._fp_digits) for _fp_digits
    printfa.o(i._printf_core) refers to uidiv.o(.text) for __aeabi_uidivmod
    printfa.o(i._printf_post_padding) refers (Special) to iusefp.o(.text) for __I$use$fp
    printfa.o(i._printf_pre_padding) refers (Special) to iusefp.o(.text) for __I$use$fp
    printfa.o(i._snputc) refers (Special) to iusefp.o(.text) for __I$use$fp
    printfa.o(i._sputc) refers (Special) to iusefp.o(.text) for __I$use$fp
    fmul.o(.text) refers (Special) to iusefp.o(.text) for __I$use$fp
    fdiv.o(.text) refers (Special) to iusefp.o(.text) for __I$use$fp
    fdiv.o(.text) refers to fepilogue.o(.text) for _float_round
    fflti.o(.text) refers (Special) to iusefp.o(.text) for __I$use$fp
    fflti.o(.text) refers to fepilogue.o(.text) for _float_epilogue
    ffixi.o(.text) refers (Special) to iusefp.o(.text) for __I$use$fp
    entry2.o(.ARM.Collect$$$$00000001) refers to entry2.o(.ARM.Collect$$$$00002712) for __lit__00000000
    entry2.o(.ARM.Collect$$$$00002712) refers to startup_stm32f10x_hd.o(STACK) for __initial_sp
    entry2.o(__vectab_stack_and_reset_area) refers to startup_stm32f10x_hd.o(STACK) for __initial_sp
    entry2.o(__vectab_stack_and_reset_area) refers to entry.o(.ARM.Collect$$$$00000000) for __main
    entry5.o(.ARM.Collect$$$$00000004) refers to init.o(.text) for __scatterload
    entry9a.o(.ARM.Collect$$$$0000000B) refers to main.o(i.main) for main
    entry9b.o(.ARM.Collect$$$$0000000C) refers to main.o(i.main) for main
    uldiv.o(.text) refers to llushr.o(.text) for __aeabi_llsr
    uldiv.o(.text) refers to llshl.o(.text) for __aeabi_llsl
    dadd.o(.text) refers to llshl.o(.text) for __aeabi_llsl
    dadd.o(.text) refers to llsshr.o(.text) for __aeabi_lasr
    dadd.o(.text) refers to depilogue.o(.text) for _double_epilogue
    dmul.o(.text) refers to depilogue.o(.text) for _double_epilogue
    ddiv.o(.text) refers to depilogue.o(.text) for _double_round
    dfixul.o(.text) refers to llushr.o(.text) for __aeabi_llsr
    dfixul.o(.text) refers to llshl.o(.text) for __aeabi_llsl
    init.o(.text) refers to entry5.o(.ARM.Collect$$$$00000004) for __main_after_scatterload
    depilogue.o(.text) refers to llshl.o(.text) for __aeabi_llsl
    depilogue.o(.text) refers to llushr.o(.text) for __aeabi_llsr


==============================================================================

Removing Unused input sections from the image.

    Removing startup_stm32f10x_hd.o(HEAP), (512 bytes).
    Removing core_cm3.o(.emb_text), (32 bytes).
    Removing system_stm32f10x.o(i.SystemCoreClockUpdate), (164 bytes).
    Removing misc.o(i.NVIC_PriorityGroupConfig), (20 bytes).
    Removing misc.o(i.NVIC_SetVectorTable), (20 bytes).
    Removing misc.o(i.NVIC_SystemLPConfig), (32 bytes).
    Removing stm32f10x_crc.o(i.CRC_CalcBlockCRC), (36 bytes).
    Removing stm32f10x_crc.o(i.CRC_CalcCRC), (16 bytes).
    Removing stm32f10x_crc.o(i.CRC_GetCRC), (12 bytes).
    Removing stm32f10x_crc.o(i.CRC_GetIDRegister), (12 bytes).
    Removing stm32f10x_crc.o(i.CRC_ResetDR), (12 bytes).
    Removing stm32f10x_crc.o(i.CRC_SetIDRegister), (12 bytes).
    Removing stm32f10x_gpio.o(i.GPIO_AFIODeInit), (20 bytes).
    Removing stm32f10x_gpio.o(i.GPIO_DeInit), (200 bytes).
    Removing stm32f10x_gpio.o(i.GPIO_ETH_MediaInterfaceConfig), (12 bytes).
    Removing stm32f10x_gpio.o(i.GPIO_EXTILineConfig), (64 bytes).
    Removing stm32f10x_gpio.o(i.GPIO_EventOutputCmd), (12 bytes).
    Removing stm32f10x_gpio.o(i.GPIO_EventOutputConfig), (32 bytes).
    Removing stm32f10x_gpio.o(i.GPIO_PinLockConfig), (18 bytes).
    Removing stm32f10x_gpio.o(i.GPIO_PinRemapConfig), (144 bytes).
    Removing stm32f10x_gpio.o(i.GPIO_ReadInputData), (8 bytes).
    Removing stm32f10x_gpio.o(i.GPIO_ReadInputDataBit), (18 bytes).
    Removing stm32f10x_gpio.o(i.GPIO_ReadOutputData), (8 bytes).
    Removing stm32f10x_gpio.o(i.GPIO_ReadOutputDataBit), (18 bytes).
    Removing stm32f10x_gpio.o(i.GPIO_ResetBits), (4 bytes).
    Removing stm32f10x_gpio.o(i.GPIO_SetBits), (4 bytes).
    Removing stm32f10x_gpio.o(i.GPIO_StructInit), (16 bytes).
    Removing stm32f10x_gpio.o(i.GPIO_Write), (4 bytes).
    Removing stm32f10x_rcc.o(i.RCC_AdjustHSICalibrationValue), (24 bytes).
    Removing stm32f10x_rcc.o(i.RCC_BackupResetCmd), (12 bytes).
    Removing stm32f10x_rcc.o(i.RCC_ClearFlag), (20 bytes).
    Removing stm32f10x_rcc.o(i.RCC_ClearITPendingBit), (12 bytes).
    Removing stm32f10x_rcc.o(i.RCC_ClockSecuritySystemCmd), (12 bytes).
    Removing stm32f10x_rcc.o(i.RCC_DeInit), (76 bytes).
    Removing stm32f10x_rcc.o(i.RCC_GetFlagStatus), (60 bytes).
    Removing stm32f10x_rcc.o(i.RCC_GetITStatus), (24 bytes).
    Removing stm32f10x_rcc.o(i.RCC_GetSYSCLKSource), (16 bytes).
    Removing stm32f10x_rcc.o(i.RCC_HCLKConfig), (24 bytes).
    Removing stm32f10x_rcc.o(i.RCC_HSEConfig), (76 bytes).
    Removing stm32f10x_rcc.o(i.RCC_HSICmd), (12 bytes).
    Removing stm32f10x_rcc.o(i.RCC_ITConfig), (32 bytes).
    Removing stm32f10x_rcc.o(i.RCC_LSEConfig), (52 bytes).
    Removing stm32f10x_rcc.o(i.RCC_LSICmd), (12 bytes).
    Removing stm32f10x_rcc.o(i.RCC_MCOConfig), (12 bytes).
    Removing stm32f10x_rcc.o(i.RCC_PCLK1Config), (24 bytes).
    Removing stm32f10x_rcc.o(i.RCC_PCLK2Config), (24 bytes).
    Removing stm32f10x_rcc.o(i.RCC_PLLCmd), (12 bytes).
    Removing stm32f10x_rcc.o(i.RCC_PLLConfig), (28 bytes).
    Removing stm32f10x_rcc.o(i.RCC_RTCCLKCmd), (12 bytes).
    Removing stm32f10x_rcc.o(i.RCC_RTCCLKConfig), (16 bytes).
    Removing stm32f10x_rcc.o(i.RCC_SYSCLKConfig), (24 bytes).
    Removing stm32f10x_rcc.o(i.RCC_USBCLKConfig), (12 bytes).
    Removing stm32f10x_rcc.o(i.RCC_WaitForHSEStartUp), (56 bytes).
    Removing stm32f10x_rtc.o(i.RTC_ClearFlag), (16 bytes).
    Removing stm32f10x_rtc.o(i.RTC_ClearITPendingBit), (16 bytes).
    Removing stm32f10x_rtc.o(i.RTC_EnterConfigMode), (20 bytes).
    Removing stm32f10x_rtc.o(i.RTC_ExitConfigMode), (20 bytes).
    Removing stm32f10x_rtc.o(i.RTC_GetCounter), (20 bytes).
    Removing stm32f10x_rtc.o(i.RTC_GetDivider), (24 bytes).
    Removing stm32f10x_rtc.o(i.RTC_GetFlagStatus), (24 bytes).
    Removing stm32f10x_rtc.o(i.RTC_GetITStatus), (36 bytes).
    Removing stm32f10x_rtc.o(i.RTC_ITConfig), (32 bytes).
    Removing stm32f10x_rtc.o(i.RTC_SetAlarm), (28 bytes).
    Removing stm32f10x_rtc.o(i.RTC_SetCounter), (28 bytes).
    Removing stm32f10x_rtc.o(i.RTC_SetPrescaler), (32 bytes).
    Removing stm32f10x_rtc.o(i.RTC_WaitForLastTask), (20 bytes).
    Removing stm32f10x_rtc.o(i.RTC_WaitForSynchro), (36 bytes).
    Removing stm32f10x_sdio.o(i.SDIO_CEATAITCmd), (16 bytes).
    Removing stm32f10x_sdio.o(i.SDIO_ClearFlag), (12 bytes).
    Removing stm32f10x_sdio.o(i.SDIO_ClearITPendingBit), (12 bytes).
    Removing stm32f10x_sdio.o(i.SDIO_ClockCmd), (12 bytes).
    Removing stm32f10x_sdio.o(i.SDIO_CmdStructInit), (14 bytes).
    Removing stm32f10x_sdio.o(i.SDIO_CommandCompletionCmd), (12 bytes).
    Removing stm32f10x_sdio.o(i.SDIO_DMACmd), (12 bytes).
    Removing stm32f10x_sdio.o(i.SDIO_DataConfig), (48 bytes).
    Removing stm32f10x_sdio.o(i.SDIO_DataStructInit), (20 bytes).
    Removing stm32f10x_sdio.o(i.SDIO_DeInit), (36 bytes).
    Removing stm32f10x_sdio.o(i.SDIO_GetCommandResponse), (12 bytes).
    Removing stm32f10x_sdio.o(i.SDIO_GetDataCounter), (12 bytes).
    Removing stm32f10x_sdio.o(i.SDIO_GetFIFOCount), (12 bytes).
    Removing stm32f10x_sdio.o(i.SDIO_GetFlagStatus), (24 bytes).
    Removing stm32f10x_sdio.o(i.SDIO_GetITStatus), (24 bytes).
    Removing stm32f10x_sdio.o(i.SDIO_GetPowerState), (16 bytes).
    Removing stm32f10x_sdio.o(i.SDIO_GetResponse), (24 bytes).
    Removing stm32f10x_sdio.o(i.SDIO_ITConfig), (32 bytes).
    Removing stm32f10x_sdio.o(i.SDIO_Init), (48 bytes).
    Removing stm32f10x_sdio.o(i.SDIO_ReadData), (12 bytes).
    Removing stm32f10x_sdio.o(i.SDIO_SendCEATACmd), (12 bytes).
    Removing stm32f10x_sdio.o(i.SDIO_SendCommand), (44 bytes).
    Removing stm32f10x_sdio.o(i.SDIO_SendSDIOSuspendCmd), (12 bytes).
    Removing stm32f10x_sdio.o(i.SDIO_SetPowerState), (28 bytes).
    Removing stm32f10x_sdio.o(i.SDIO_SetSDIOOperation), (12 bytes).
    Removing stm32f10x_sdio.o(i.SDIO_SetSDIOReadWaitMode), (12 bytes).
    Removing stm32f10x_sdio.o(i.SDIO_StartSDIOReadWait), (12 bytes).
    Removing stm32f10x_sdio.o(i.SDIO_StopSDIOReadWait), (12 bytes).
    Removing stm32f10x_sdio.o(i.SDIO_StructInit), (16 bytes).
    Removing stm32f10x_sdio.o(i.SDIO_WriteData), (12 bytes).
    Removing stm32f10x_tim.o(i.TI1_Config), (128 bytes).
    Removing stm32f10x_tim.o(i.TI2_Config), (152 bytes).
    Removing stm32f10x_tim.o(i.TI3_Config), (144 bytes).
    Removing stm32f10x_tim.o(i.TI4_Config), (152 bytes).
    Removing stm32f10x_tim.o(i.TIM_ARRPreloadConfig), (24 bytes).
    Removing stm32f10x_tim.o(i.TIM_BDTRConfig), (32 bytes).
    Removing stm32f10x_tim.o(i.TIM_BDTRStructInit), (18 bytes).
    Removing stm32f10x_tim.o(i.TIM_CCPreloadControl), (24 bytes).
    Removing stm32f10x_tim.o(i.TIM_CCxCmd), (30 bytes).
    Removing stm32f10x_tim.o(i.TIM_CCxNCmd), (30 bytes).
    Removing stm32f10x_tim.o(i.TIM_ClearFlag), (6 bytes).
    Removing stm32f10x_tim.o(i.TIM_ClearITPendingBit), (6 bytes).
    Removing stm32f10x_tim.o(i.TIM_ClearOC1Ref), (18 bytes).
    Removing stm32f10x_tim.o(i.TIM_ClearOC2Ref), (24 bytes).
    Removing stm32f10x_tim.o(i.TIM_ClearOC3Ref), (18 bytes).
    Removing stm32f10x_tim.o(i.TIM_ClearOC4Ref), (24 bytes).
    Removing stm32f10x_tim.o(i.TIM_CounterModeConfig), (18 bytes).
    Removing stm32f10x_tim.o(i.TIM_CtrlPWMOutputs), (30 bytes).
    Removing stm32f10x_tim.o(i.TIM_DMACmd), (18 bytes).
    Removing stm32f10x_tim.o(i.TIM_DMAConfig), (10 bytes).
    Removing stm32f10x_tim.o(i.TIM_DeInit), (488 bytes).
    Removing stm32f10x_tim.o(i.TIM_ETRClockMode1Config), (54 bytes).
    Removing stm32f10x_tim.o(i.TIM_ETRClockMode2Config), (32 bytes).
    Removing stm32f10x_tim.o(i.TIM_ETRConfig), (28 bytes).
    Removing stm32f10x_tim.o(i.TIM_EncoderInterfaceConfig), (66 bytes).
    Removing stm32f10x_tim.o(i.TIM_ForcedOC1Config), (18 bytes).
    Removing stm32f10x_tim.o(i.TIM_ForcedOC2Config), (26 bytes).
    Removing stm32f10x_tim.o(i.TIM_ForcedOC3Config), (18 bytes).
    Removing stm32f10x_tim.o(i.TIM_ForcedOC4Config), (26 bytes).
    Removing stm32f10x_tim.o(i.TIM_GenerateEvent), (4 bytes).
    Removing stm32f10x_tim.o(i.TIM_GetCapture1), (6 bytes).
    Removing stm32f10x_tim.o(i.TIM_GetCapture2), (6 bytes).
    Removing stm32f10x_tim.o(i.TIM_GetCapture3), (6 bytes).
    Removing stm32f10x_tim.o(i.TIM_GetCapture4), (8 bytes).
    Removing stm32f10x_tim.o(i.TIM_GetCounter), (6 bytes).
    Removing stm32f10x_tim.o(i.TIM_GetFlagStatus), (18 bytes).
    Removing stm32f10x_tim.o(i.TIM_GetITStatus), (34 bytes).
    Removing stm32f10x_tim.o(i.TIM_GetPrescaler), (6 bytes).
    Removing stm32f10x_tim.o(i.TIM_ICInit), (172 bytes).
    Removing stm32f10x_tim.o(i.TIM_ICStructInit), (18 bytes).
    Removing stm32f10x_tim.o(i.TIM_ITConfig), (18 bytes).
    Removing stm32f10x_tim.o(i.TIM_ITRxExternalClockConfig), (24 bytes).
    Removing stm32f10x_tim.o(i.TIM_InternalClockConfig), (12 bytes).
    Removing stm32f10x_tim.o(i.TIM_OC1FastConfig), (18 bytes).
    Removing stm32f10x_tim.o(i.TIM_OC1NPolarityConfig), (18 bytes).
    Removing stm32f10x_tim.o(i.TIM_OC1PolarityConfig), (18 bytes).
    Removing stm32f10x_tim.o(i.TIM_OC2FastConfig), (26 bytes).
    Removing stm32f10x_tim.o(i.TIM_OC2NPolarityConfig), (26 bytes).
    Removing stm32f10x_tim.o(i.TIM_OC2PolarityConfig), (26 bytes).
    Removing stm32f10x_tim.o(i.TIM_OC3FastConfig), (18 bytes).
    Removing stm32f10x_tim.o(i.TIM_OC3NPolarityConfig), (26 bytes).
    Removing stm32f10x_tim.o(i.TIM_OC3PolarityConfig), (26 bytes).
    Removing stm32f10x_tim.o(i.TIM_OC4FastConfig), (26 bytes).
    Removing stm32f10x_tim.o(i.TIM_OC4PolarityConfig), (26 bytes).
    Removing stm32f10x_tim.o(i.TIM_OCStructInit), (20 bytes).
    Removing stm32f10x_tim.o(i.TIM_PWMIConfig), (124 bytes).
    Removing stm32f10x_tim.o(i.TIM_PrescalerConfig), (6 bytes).
    Removing stm32f10x_tim.o(i.TIM_SelectCCDMA), (24 bytes).
    Removing stm32f10x_tim.o(i.TIM_SelectCOM), (24 bytes).
    Removing stm32f10x_tim.o(i.TIM_SelectHallSensor), (24 bytes).
    Removing stm32f10x_tim.o(i.TIM_SelectInputTrigger), (18 bytes).
    Removing stm32f10x_tim.o(i.TIM_SelectMasterSlaveMode), (18 bytes).
    Removing stm32f10x_tim.o(i.TIM_SelectOCxM), (82 bytes).
    Removing stm32f10x_tim.o(i.TIM_SelectOnePulseMode), (18 bytes).
    Removing stm32f10x_tim.o(i.TIM_SelectOutputTrigger), (18 bytes).
    Removing stm32f10x_tim.o(i.TIM_SelectSlaveMode), (18 bytes).
    Removing stm32f10x_tim.o(i.TIM_SetAutoreload), (4 bytes).
    Removing stm32f10x_tim.o(i.TIM_SetClockDivision), (18 bytes).
    Removing stm32f10x_tim.o(i.TIM_SetCounter), (4 bytes).
    Removing stm32f10x_tim.o(i.TIM_SetIC1Prescaler), (18 bytes).
    Removing stm32f10x_tim.o(i.TIM_SetIC2Prescaler), (26 bytes).
    Removing stm32f10x_tim.o(i.TIM_SetIC3Prescaler), (18 bytes).
    Removing stm32f10x_tim.o(i.TIM_SetIC4Prescaler), (26 bytes).
    Removing stm32f10x_tim.o(i.TIM_TIxExternalClockConfig), (62 bytes).
    Removing stm32f10x_tim.o(i.TIM_TimeBaseStructInit), (18 bytes).
    Removing stm32f10x_tim.o(i.TIM_UpdateDisableConfig), (24 bytes).
    Removing stm32f10x_tim.o(i.TIM_UpdateRequestConfig), (24 bytes).
    Removing stm32f10x_adc.o(i.ADC_AnalogWatchdogCmd), (20 bytes).
    Removing stm32f10x_adc.o(i.ADC_AnalogWatchdogSingleChannelConfig), (16 bytes).
    Removing stm32f10x_adc.o(i.ADC_AnalogWatchdogThresholdsConfig), (6 bytes).
    Removing stm32f10x_adc.o(i.ADC_AutoInjectedConvCmd), (22 bytes).
    Removing stm32f10x_adc.o(i.ADC_ClearFlag), (6 bytes).
    Removing stm32f10x_adc.o(i.ADC_ClearITPendingBit), (10 bytes).
    Removing stm32f10x_adc.o(i.ADC_DeInit), (92 bytes).
    Removing stm32f10x_adc.o(i.ADC_DiscModeChannelCountConfig), (24 bytes).
    Removing stm32f10x_adc.o(i.ADC_DiscModeCmd), (22 bytes).
    Removing stm32f10x_adc.o(i.ADC_ExternalTrigConvCmd), (22 bytes).
    Removing stm32f10x_adc.o(i.ADC_ExternalTrigInjectedConvCmd), (22 bytes).
    Removing stm32f10x_adc.o(i.ADC_ExternalTrigInjectedConvConfig), (16 bytes).
    Removing stm32f10x_adc.o(i.ADC_GetConversionValue), (8 bytes).
    Removing stm32f10x_adc.o(i.ADC_GetDualModeConversionValue), (12 bytes).
    Removing stm32f10x_adc.o(i.ADC_GetFlagStatus), (18 bytes).
    Removing stm32f10x_adc.o(i.ADC_GetITStatus), (36 bytes).
    Removing stm32f10x_adc.o(i.ADC_GetInjectedConversionValue), (28 bytes).
    Removing stm32f10x_adc.o(i.ADC_GetSoftwareStartConvStatus), (20 bytes).
    Removing stm32f10x_adc.o(i.ADC_GetSoftwareStartInjectedConvCmdStatus), (20 bytes).
    Removing stm32f10x_adc.o(i.ADC_ITConfig), (24 bytes).
    Removing stm32f10x_adc.o(i.ADC_InjectedChannelConfig), (130 bytes).
    Removing stm32f10x_adc.o(i.ADC_InjectedDiscModeCmd), (22 bytes).
    Removing stm32f10x_adc.o(i.ADC_InjectedSequencerLengthConfig), (24 bytes).
    Removing stm32f10x_adc.o(i.ADC_SetInjectedOffset), (20 bytes).
    Removing stm32f10x_adc.o(i.ADC_SoftwareStartInjectedConvCmd), (22 bytes).
    Removing stm32f10x_adc.o(i.ADC_StructInit), (18 bytes).
    Removing stm32f10x_adc.o(i.ADC_TempSensorVrefintCmd), (36 bytes).
    Removing stm32f10x_dma.o(i.DMA_ClearFlag), (28 bytes).
    Removing stm32f10x_dma.o(i.DMA_ClearITPendingBit), (28 bytes).
    Removing stm32f10x_dma.o(i.DMA_GetFlagStatus), (44 bytes).
    Removing stm32f10x_dma.o(i.DMA_GetITStatus), (44 bytes).
    Removing stm32f10x_dma.o(i.DMA_ITConfig), (18 bytes).
    Removing stm32f10x_dma.o(i.DMA_SetCurrDataCounter), (4 bytes).
    Removing stm32f10x_dma.o(i.DMA_StructInit), (26 bytes).
    Removing stm32f10x_usart.o(i.USART_ClockInit), (34 bytes).
    Removing stm32f10x_usart.o(i.USART_ClockStructInit), (12 bytes).
    Removing stm32f10x_usart.o(i.USART_HalfDuplexCmd), (24 bytes).
    Removing stm32f10x_usart.o(i.USART_IrDACmd), (24 bytes).
    Removing stm32f10x_usart.o(i.USART_IrDAConfig), (18 bytes).
    Removing stm32f10x_usart.o(i.USART_LINBreakDetectLengthConfig), (18 bytes).
    Removing stm32f10x_usart.o(i.USART_LINCmd), (24 bytes).
    Removing stm32f10x_usart.o(i.USART_OneBitMethodCmd), (24 bytes).
    Removing stm32f10x_usart.o(i.USART_OverSampling8Cmd), (22 bytes).
    Removing stm32f10x_usart.o(i.USART_ReceiverWakeUpCmd), (24 bytes).
    Removing stm32f10x_usart.o(i.USART_SendBreak), (10 bytes).
    Removing stm32f10x_usart.o(i.USART_SetAddress), (18 bytes).
    Removing stm32f10x_usart.o(i.USART_SetGuardTime), (16 bytes).
    Removing stm32f10x_usart.o(i.USART_SetPrescaler), (16 bytes).
    Removing stm32f10x_usart.o(i.USART_SmartCardCmd), (24 bytes).
    Removing stm32f10x_usart.o(i.USART_SmartCardNACKCmd), (24 bytes).
    Removing stm32f10x_usart.o(i.USART_StructInit), (24 bytes).
    Removing stm32f10x_usart.o(i.USART_WakeUpConfig), (18 bytes).
    Removing delay.o(i.delay_us), (76 bytes).
    Removing sys.o(.emb_text), (6 bytes).
    Removing sys.o(i.INTX_DISABLE), (4 bytes).
    Removing sys.o(i.INTX_ENABLE), (4 bytes).
    Removing sys.o(i.WFI_SET), (4 bytes).
    Removing dma_uart.o(i.Usart_SendArray), (48 bytes).
    Removing dma_uart.o(i.Usart_SendByte), (30 bytes).
    Removing dma_uart.o(i.Usart_SendHalfWord), (60 bytes).
    Removing dma_uart.o(i.Usart_SendString), (42 bytes).
    Removing dma_uart.o(i.fgetc), (32 bytes).
    Removing ioi2c.o(i.Delay), (12 bytes).
    Removing ioi2c.o(i.IIC_Ack), (80 bytes).
    Removing ioi2c.o(i.IIC_Init), (92 bytes).
    Removing ioi2c.o(i.IIC_NAck), (80 bytes).
    Removing ioi2c.o(i.IIC_Read_Byte), (112 bytes).
    Removing ioi2c.o(i.IIC_Send_Byte), (104 bytes).
    Removing ioi2c.o(i.IIC_Start), (76 bytes).
    Removing ioi2c.o(i.IIC_Stop), (76 bytes).
    Removing ioi2c.o(i.IIC_Wait_Ack), (112 bytes).
    Removing ioi2c.o(i.IICreadBytes), (106 bytes).
    Removing ioi2c.o(i.IICwriteBytes), (74 bytes).
    Removing uart2.o(i.UART4_Put_Char), (48 bytes).
    Removing uart2.o(i.UART4_Put_String), (46 bytes).
    Removing dadd.o(.text), (334 bytes).
    Removing dmul.o(.text), (228 bytes).
    Removing ddiv.o(.text), (222 bytes).
    Removing dfixul.o(.text), (48 bytes).
    Removing cdrcmple.o(.text), (48 bytes).
    Removing depilogue.o(.text), (186 bytes).

255 unused section(s) (total 9642 bytes) removed from the image.

==============================================================================

Image Symbol Table

    Local Symbols

    Symbol Name                              Value     Ov Type        Size  Object(Section)

    ../clib/microlib/division.c              0x00000000   Number         0  uldiv.o ABSOLUTE
    ../clib/microlib/division.c              0x00000000   Number         0  uidiv.o ABSOLUTE
    ../clib/microlib/init/entry.s            0x00000000   Number         0  entry11a.o ABSOLUTE
    ../clib/microlib/init/entry.s            0x00000000   Number         0  entry11b.o ABSOLUTE
    ../clib/microlib/init/entry.s            0x00000000   Number         0  entry.o ABSOLUTE
    ../clib/microlib/init/entry.s            0x00000000   Number         0  entry10b.o ABSOLUTE
    ../clib/microlib/init/entry.s            0x00000000   Number         0  entry2.o ABSOLUTE
    ../clib/microlib/init/entry.s            0x00000000   Number         0  entry5.o ABSOLUTE
    ../clib/microlib/init/entry.s            0x00000000   Number         0  entry7a.o ABSOLUTE
    ../clib/microlib/init/entry.s            0x00000000   Number         0  entry7b.o ABSOLUTE
    ../clib/microlib/init/entry.s            0x00000000   Number         0  entry8a.o ABSOLUTE
    ../clib/microlib/init/entry.s            0x00000000   Number         0  entry8b.o ABSOLUTE
    ../clib/microlib/init/entry.s            0x00000000   Number         0  entry9a.o ABSOLUTE
    ../clib/microlib/init/entry.s            0x00000000   Number         0  entry9b.o ABSOLUTE
    ../clib/microlib/init/entry.s            0x00000000   Number         0  entry10a.o ABSOLUTE
    ../clib/microlib/longlong.c              0x00000000   Number         0  llsshr.o ABSOLUTE
    ../clib/microlib/longlong.c              0x00000000   Number         0  llushr.o ABSOLUTE
    ../clib/microlib/longlong.c              0x00000000   Number         0  llshl.o ABSOLUTE
    ../clib/microlib/printf/printf.c         0x00000000   Number         0  printf2.o ABSOLUTE
    ../clib/microlib/printf/printf.c         0x00000000   Number         0  printfb.o ABSOLUTE
    ../clib/microlib/printf/printf.c         0x00000000   Number         0  printf7.o ABSOLUTE
    ../clib/microlib/printf/printf.c         0x00000000   Number         0  printf1.o ABSOLUTE
    ../clib/microlib/printf/printf.c         0x00000000   Number         0  printf3.o ABSOLUTE
    ../clib/microlib/printf/printf.c         0x00000000   Number         0  printf0.o ABSOLUTE
    ../clib/microlib/printf/printf.c         0x00000000   Number         0  printf4.o ABSOLUTE
    ../clib/microlib/printf/printf.c         0x00000000   Number         0  printf5.o ABSOLUTE
    ../clib/microlib/printf/printf.c         0x00000000   Number         0  printf6.o ABSOLUTE
    ../clib/microlib/printf/printf.c         0x00000000   Number         0  printf8.o ABSOLUTE
    ../clib/microlib/printf/printf.c         0x00000000   Number         0  printfa.o ABSOLUTE
    ../clib/microlib/printf/stubs.s          0x00000000   Number         0  stubs.o ABSOLUTE
    ../clib/microlib/stdio/streams.c         0x00000000   Number         0  stdout.o ABSOLUTE
    ../clib/microlib/stubs.s                 0x00000000   Number         0  iusefp.o ABSOLUTE
    ../fplib/microlib/fpadd.c                0x00000000   Number         0  dadd.o ABSOLUTE
    ../fplib/microlib/fpdiv.c                0x00000000   Number         0  fdiv.o ABSOLUTE
    ../fplib/microlib/fpdiv.c                0x00000000   Number         0  ddiv.o ABSOLUTE
    ../fplib/microlib/fpepilogue.c           0x00000000   Number         0  depilogue.o ABSOLUTE
    ../fplib/microlib/fpepilogue.c           0x00000000   Number         0  fepilogue.o ABSOLUTE
    ../fplib/microlib/fpfix.c                0x00000000   Number         0  ffixi.o ABSOLUTE
    ../fplib/microlib/fpfix.c                0x00000000   Number         0  dfixul.o ABSOLUTE
    ../fplib/microlib/fpflt.c                0x00000000   Number         0  fflti.o ABSOLUTE
    ../fplib/microlib/fpmul.c                0x00000000   Number         0  fmul.o ABSOLUTE
    ../fplib/microlib/fpmul.c                0x00000000   Number         0  dmul.o ABSOLUTE
    ..\Libraries\CMSIS\core_cm3.c            0x00000000   Number         0  core_cm3.o ABSOLUTE
    ..\Libraries\CMSIS\startup\startup_stm32f10x_hd.s 0x00000000   Number         0  startup_stm32f10x_hd.o ABSOLUTE
    ..\Libraries\CMSIS\system_stm32f10x.c    0x00000000   Number         0  system_stm32f10x.o ABSOLUTE
    ..\Libraries\FWlib\src\misc.c            0x00000000   Number         0  misc.o ABSOLUTE
    ..\Libraries\FWlib\src\stm32f10x_adc.c   0x00000000   Number         0  stm32f10x_adc.o ABSOLUTE
    ..\Libraries\FWlib\src\stm32f10x_crc.c   0x00000000   Number         0  stm32f10x_crc.o ABSOLUTE
    ..\Libraries\FWlib\src\stm32f10x_dma.c   0x00000000   Number         0  stm32f10x_dma.o ABSOLUTE
    ..\Libraries\FWlib\src\stm32f10x_gpio.c  0x00000000   Number         0  stm32f10x_gpio.o ABSOLUTE
    ..\Libraries\FWlib\src\stm32f10x_rcc.c   0x00000000   Number         0  stm32f10x_rcc.o ABSOLUTE
    ..\Libraries\FWlib\src\stm32f10x_rtc.c   0x00000000   Number         0  stm32f10x_rtc.o ABSOLUTE
    ..\Libraries\FWlib\src\stm32f10x_sdio.c  0x00000000   Number         0  stm32f10x_sdio.o ABSOLUTE
    ..\Libraries\FWlib\src\stm32f10x_tim.c   0x00000000   Number         0  stm32f10x_tim.o ABSOLUTE
    ..\Libraries\FWlib\src\stm32f10x_usart.c 0x00000000   Number         0  stm32f10x_usart.o ABSOLUTE
    ..\User\ADC\bsp_adc.c                    0x00000000   Number         0  bsp_adc.o ABSOLUTE
    ..\User\DELAY\delay.c                    0x00000000   Number         0  delay.o ABSOLUTE
    ..\User\DMA\dma_uart.c                   0x00000000   Number         0  dma_uart.o ABSOLUTE
    ..\User\LIGHT\light.c                    0x00000000   Number         0  light.o ABSOLUTE
    ..\User\MOTOR\motor.c                    0x00000000   Number         0  motor.o ABSOLUTE
    ..\User\SERVO\servo.c                    0x00000000   Number         0  servo.o ABSOLUTE
    ..\User\SYS\sys.c                        0x00000000   Number         0  sys.o ABSOLUTE
    ..\User\USART-IIC\IOI2C.c                0x00000000   Number         0  ioi2c.o ABSOLUTE
    ..\User\USART-IIC\UART2.c                0x00000000   Number         0  uart2.o ABSOLUTE
    ..\User\main.c                           0x00000000   Number         0  main.o ABSOLUTE
    ..\User\stm32f10x_it.c                   0x00000000   Number         0  stm32f10x_it.o ABSOLUTE
    ..\\Libraries\\CMSIS\\core_cm3.c         0x00000000   Number         0  core_cm3.o ABSOLUTE
    ..\\User\\SYS\\sys.c                     0x00000000   Number         0  sys.o ABSOLUTE
    cdrcmple.s                               0x00000000   Number         0  cdrcmple.o ABSOLUTE
    dc.s                                     0x00000000   Number         0  dc.o ABSOLUTE
    handlers.s                               0x00000000   Number         0  handlers.o ABSOLUTE
    init.s                                   0x00000000   Number         0  init.o ABSOLUTE
    RESET                                    0x08000000   Section      304  startup_stm32f10x_hd.o(RESET)
    .ARM.Collect$$$$00000000                 0x08000130   Section        0  entry.o(.ARM.Collect$$$$00000000)
    .ARM.Collect$$$$00000001                 0x08000130   Section        4  entry2.o(.ARM.Collect$$$$00000001)
    .ARM.Collect$$$$00000004                 0x08000134   Section        4  entry5.o(.ARM.Collect$$$$00000004)
    .ARM.Collect$$$$00000008                 0x08000138   Section        0  entry7b.o(.ARM.Collect$$$$00000008)
    .ARM.Collect$$$$0000000A                 0x08000138   Section        0  entry8b.o(.ARM.Collect$$$$0000000A)
    .ARM.Collect$$$$0000000B                 0x08000138   Section        8  entry9a.o(.ARM.Collect$$$$0000000B)
    .ARM.Collect$$$$0000000D                 0x08000140   Section        0  entry10a.o(.ARM.Collect$$$$0000000D)
    .ARM.Collect$$$$0000000F                 0x08000140   Section        0  entry11a.o(.ARM.Collect$$$$0000000F)
    .ARM.Collect$$$$00002712                 0x08000140   Section        4  entry2.o(.ARM.Collect$$$$00002712)
    __lit__00000000                          0x08000140   Data           4  entry2.o(.ARM.Collect$$$$00002712)
    .text                                    0x08000144   Section       36  startup_stm32f10x_hd.o(.text)
    .text                                    0x08000168   Section        0  fmul.o(.text)
    .text                                    0x080001cc   Section        0  fdiv.o(.text)
    .text                                    0x08000248   Section        0  fflti.o(.text)
    .text                                    0x0800025a   Section        0  ffixi.o(.text)
    .text                                    0x0800028c   Section        0  uidiv.o(.text)
    .text                                    0x080002b8   Section        0  fepilogue.o(.text)
    .text                                    0x080002b8   Section        0  iusefp.o(.text)
    .text                                    0x08000328   Section       36  init.o(.text)
    i.ADC_Cmd                                0x0800034c   Section        0  stm32f10x_adc.o(i.ADC_Cmd)
    i.ADC_DMACmd                             0x08000362   Section        0  stm32f10x_adc.o(i.ADC_DMACmd)
    i.ADC_GetCalibrationStatus               0x08000378   Section        0  stm32f10x_adc.o(i.ADC_GetCalibrationStatus)
    i.ADC_GetResetCalibrationStatus          0x0800038c   Section        0  stm32f10x_adc.o(i.ADC_GetResetCalibrationStatus)
    i.ADC_Init                               0x080003a0   Section        0  stm32f10x_adc.o(i.ADC_Init)
    i.ADC_RegularChannelConfig               0x080003f0   Section        0  stm32f10x_adc.o(i.ADC_RegularChannelConfig)
    i.ADC_ResetCalibration                   0x080004a8   Section        0  stm32f10x_adc.o(i.ADC_ResetCalibration)
    i.ADC_SoftwareStartConvCmd               0x080004b2   Section        0  stm32f10x_adc.o(i.ADC_SoftwareStartConvCmd)
    i.ADC_StartCalibration                   0x080004c8   Section        0  stm32f10x_adc.o(i.ADC_StartCalibration)
    i.ADCx_GPIO_Config                       0x080004d4   Section        0  bsp_adc.o(i.ADCx_GPIO_Config)
    ADCx_GPIO_Config                         0x080004d5   Thumb Code    32  bsp_adc.o(i.ADCx_GPIO_Config)
    i.ADCx_Init                              0x080004f8   Section        0  bsp_adc.o(i.ADCx_Init)
    i.ADCx_Mode_Config                       0x08000504   Section        0  bsp_adc.o(i.ADCx_Mode_Config)
    ADCx_Mode_Config                         0x08000505   Thumb Code   296  bsp_adc.o(i.ADCx_Mode_Config)
    i.BASE_EN_DIR_PORT_Config                0x08000638   Section        0  motor.o(i.BASE_EN_DIR_PORT_Config)
    BASE_EN_DIR_PORT_Config                  0x08000639   Thumb Code   274  motor.o(i.BASE_EN_DIR_PORT_Config)
    i.BASE_PWM_GPIO_Config                   0x08000750   Section        0  motor.o(i.BASE_PWM_GPIO_Config)
    BASE_PWM_GPIO_Config                     0x08000751   Thumb Code   140  motor.o(i.BASE_PWM_GPIO_Config)
    i.BusFault_Handler                       0x080007e4   Section        0  stm32f10x_it.o(i.BusFault_Handler)
    i.CopeSerial2Data                        0x080007e8   Section        0  main.o(i.CopeSerial2Data)
    i.DMA_Cmd                                0x08000904   Section        0  stm32f10x_dma.o(i.DMA_Cmd)
    i.DMA_Config                             0x0800091c   Section        0  dma_uart.o(i.DMA_Config)
    i.DMA_DeInit                             0x08000970   Section        0  stm32f10x_dma.o(i.DMA_DeInit)
    i.DMA_GetCurrDataCounter                 0x08000abc   Section        0  stm32f10x_dma.o(i.DMA_GetCurrDataCounter)
    i.DMA_Init                               0x08000ac4   Section        0  stm32f10x_dma.o(i.DMA_Init)
    i.DMA_UART_Config                        0x08000b00   Section        0  dma_uart.o(i.DMA_UART_Config)
    i.DebugMon_Handler                       0x08000bc0   Section        0  stm32f10x_it.o(i.DebugMon_Handler)
    i.GPIO_Init                              0x08000bc2   Section        0  stm32f10x_gpio.o(i.GPIO_Init)
    i.GPIO_WriteBit                          0x08000cd8   Section        0  stm32f10x_gpio.o(i.GPIO_WriteBit)
    i.General_Light_Config                   0x08000ce2   Section        0  light.o(i.General_Light_Config)
    i.General_Motor_Config                   0x08000cee   Section        0  motor.o(i.General_Motor_Config)
    i.General_Servo_Config                   0x08000cfe   Section        0  servo.o(i.General_Servo_Config)
    i.HardFault_Handler                      0x08000d0a   Section        0  stm32f10x_it.o(i.HardFault_Handler)
    i.Initial_UART4                          0x08000d10   Section        0  uart2.o(i.Initial_UART4)
    i.LIGHT_PWM_GPIO_Config                  0x08000dc8   Section        0  light.o(i.LIGHT_PWM_GPIO_Config)
    LIGHT_PWM_GPIO_Config                    0x08000dc9   Thumb Code   110  light.o(i.LIGHT_PWM_GPIO_Config)
    i.LeftBackMotor                          0x08000e40   Section        0  motor.o(i.LeftBackMotor)
    i.LeftFrontMotor                         0x08000e70   Section        0  motor.o(i.LeftFrontMotor)
    i.LightPwnSet                            0x08000ea0   Section        0  light.o(i.LightPwnSet)
    i.MemManage_Handler                      0x08000ecc   Section        0  stm32f10x_it.o(i.MemManage_Handler)
    i.NMI_Handler                            0x08000ed0   Section        0  stm32f10x_it.o(i.NMI_Handler)
    i.NVIC_Init                              0x08000ed4   Section        0  misc.o(i.NVIC_Init)
    i.PLAT_PWM_GPIO_Config                   0x08000f44   Section        0  servo.o(i.PLAT_PWM_GPIO_Config)
    PLAT_PWM_GPIO_Config                     0x08000f45   Thumb Code   140  servo.o(i.PLAT_PWM_GPIO_Config)
    i.PendSV_Handler                         0x08000fd4   Section        0  stm32f10x_it.o(i.PendSV_Handler)
    i.PlatAngleSet                           0x08000fd8   Section        0  servo.o(i.PlatAngleSet)
    i.RCC_ADCCLKConfig                       0x08000ff4   Section        0  stm32f10x_rcc.o(i.RCC_ADCCLKConfig)
    i.RCC_AHBPeriphClockCmd                  0x0800100c   Section        0  stm32f10x_rcc.o(i.RCC_AHBPeriphClockCmd)
    i.RCC_APB1PeriphClockCmd                 0x0800102c   Section        0  stm32f10x_rcc.o(i.RCC_APB1PeriphClockCmd)
    i.RCC_APB1PeriphResetCmd                 0x0800104c   Section        0  stm32f10x_rcc.o(i.RCC_APB1PeriphResetCmd)
    i.RCC_APB2PeriphClockCmd                 0x0800106c   Section        0  stm32f10x_rcc.o(i.RCC_APB2PeriphClockCmd)
    i.RCC_APB2PeriphResetCmd                 0x0800108c   Section        0  stm32f10x_rcc.o(i.RCC_APB2PeriphResetCmd)
    i.RCC_GetClocksFreq                      0x080010ac   Section        0  stm32f10x_rcc.o(i.RCC_GetClocksFreq)
    i.RightBackMotor                         0x08001180   Section        0  motor.o(i.RightBackMotor)
    i.RightFrontMotor                        0x080011b0   Section        0  motor.o(i.RightFrontMotor)
    i.SVC_Handler                            0x080011e0   Section        0  stm32f10x_it.o(i.SVC_Handler)
    i.SetSysClock                            0x080011e2   Section        0  system_stm32f10x.o(i.SetSysClock)
    SetSysClock                              0x080011e3   Thumb Code     8  system_stm32f10x.o(i.SetSysClock)
    i.SetSysClockTo72                        0x080011ec   Section        0  system_stm32f10x.o(i.SetSysClockTo72)
    SetSysClockTo72                          0x080011ed   Thumb Code   214  system_stm32f10x.o(i.SetSysClockTo72)
    i.SysTick_CLKSourceConfig                0x080012cc   Section        0  misc.o(i.SysTick_CLKSourceConfig)
    i.SysTick_Handler                        0x080012f4   Section        0  stm32f10x_it.o(i.SysTick_Handler)
    i.SystemInit                             0x080012f8   Section        0  system_stm32f10x.o(i.SystemInit)
    i.TIM3_Mode_Config                       0x08001358   Section        0  motor.o(i.TIM3_Mode_Config)
    TIM3_Mode_Config                         0x08001359   Thumb Code   148  motor.o(i.TIM3_Mode_Config)
    i.TIM4_Mode_Config                       0x080013f0   Section        0  light.o(i.TIM4_Mode_Config)
    TIM4_Mode_Config                         0x080013f1   Thumb Code   104  light.o(i.TIM4_Mode_Config)
    i.TIM5_Mode_Config                       0x0800145c   Section        0  servo.o(i.TIM5_Mode_Config)
    TIM5_Mode_Config                         0x0800145d   Thumb Code   150  servo.o(i.TIM5_Mode_Config)
    i.TIM_Cmd                                0x080014f8   Section        0  stm32f10x_tim.o(i.TIM_Cmd)
    i.TIM_OC1Init                            0x08001510   Section        0  stm32f10x_tim.o(i.TIM_OC1Init)
    i.TIM_OC1PreloadConfig                   0x080015a8   Section        0  stm32f10x_tim.o(i.TIM_OC1PreloadConfig)
    i.TIM_OC2Init                            0x080015bc   Section        0  stm32f10x_tim.o(i.TIM_OC2Init)
    i.TIM_OC2PreloadConfig                   0x08001660   Section        0  stm32f10x_tim.o(i.TIM_OC2PreloadConfig)
    i.TIM_OC3Init                            0x0800167c   Section        0  stm32f10x_tim.o(i.TIM_OC3Init)
    i.TIM_OC3PreloadConfig                   0x0800171c   Section        0  stm32f10x_tim.o(i.TIM_OC3PreloadConfig)
    i.TIM_OC4Init                            0x08001730   Section        0  stm32f10x_tim.o(i.TIM_OC4Init)
    i.TIM_OC4PreloadConfig                   0x080017ac   Section        0  stm32f10x_tim.o(i.TIM_OC4PreloadConfig)
    i.TIM_SetCompare1                        0x080017c6   Section        0  stm32f10x_tim.o(i.TIM_SetCompare1)
    i.TIM_SetCompare2                        0x080017ca   Section        0  stm32f10x_tim.o(i.TIM_SetCompare2)
    i.TIM_SetCompare3                        0x080017ce   Section        0  stm32f10x_tim.o(i.TIM_SetCompare3)
    i.TIM_SetCompare4                        0x080017d2   Section        0  stm32f10x_tim.o(i.TIM_SetCompare4)
    i.TIM_TimeBaseInit                       0x080017d8   Section        0  stm32f10x_tim.o(i.TIM_TimeBaseInit)
    i.UART4_IRQHandler                       0x0800187c   Section        0  uart2.o(i.UART4_IRQHandler)
    i.USART1_IRQHandler                      0x08001904   Section        0  stm32f10x_it.o(i.USART1_IRQHandler)
    i.USART_ClearFlag                        0x0800194c   Section        0  stm32f10x_usart.o(i.USART_ClearFlag)
    i.USART_ClearITPendingBit                0x0800195e   Section        0  stm32f10x_usart.o(i.USART_ClearITPendingBit)
    i.USART_Cmd                              0x0800197c   Section        0  stm32f10x_usart.o(i.USART_Cmd)
    i.USART_DMACmd                           0x08001994   Section        0  stm32f10x_usart.o(i.USART_DMACmd)
    i.USART_DeInit                           0x080019a8   Section        0  stm32f10x_usart.o(i.USART_DeInit)
    i.USART_GetFlagStatus                    0x08001a44   Section        0  stm32f10x_usart.o(i.USART_GetFlagStatus)
    i.USART_GetITStatus                      0x08001a5e   Section        0  stm32f10x_usart.o(i.USART_GetITStatus)
    i.USART_ITConfig                         0x08001ab2   Section        0  stm32f10x_usart.o(i.USART_ITConfig)
    i.USART_Init                             0x08001afc   Section        0  stm32f10x_usart.o(i.USART_Init)
    i.USART_ReceiveData                      0x08001bd4   Section        0  stm32f10x_usart.o(i.USART_ReceiveData)
    i.USART_SendData                         0x08001bde   Section        0  stm32f10x_usart.o(i.USART_SendData)
    i.UsageFault_Handler                     0x08001be6   Section        0  stm32f10x_it.o(i.UsageFault_Handler)
    i.__0printf$1                            0x08001bec   Section        0  printf1.o(i.__0printf$1)
    i.__scatterload_copy                     0x08001c0c   Section       14  handlers.o(i.__scatterload_copy)
    i.__scatterload_null                     0x08001c1a   Section        2  handlers.o(i.__scatterload_null)
    i.__scatterload_zeroinit                 0x08001c1c   Section       14  handlers.o(i.__scatterload_zeroinit)
    i._printf_core                           0x08001c2c   Section        0  printf1.o(i._printf_core)
    _printf_core                             0x08001c2d   Thumb Code   336  printf1.o(i._printf_core)
    i.delay_init                             0x08001d80   Section        0  delay.o(i.delay_init)
    i.delay_ms                               0x08001dc4   Section        0  delay.o(i.delay_ms)
    i.fputc                                  0x08001e10   Section        0  dma_uart.o(i.fputc)
    i.main                                   0x08001e34   Section        0  main.o(i.main)
    .data                                    0x20000000   Section       20  system_stm32f10x.o(.data)
    .data                                    0x20000014   Section       20  stm32f10x_rcc.o(.data)
    APBAHBPrescTable                         0x20000014   Data          16  stm32f10x_rcc.o(.data)
    ADCPrescTable                            0x20000024   Data           4  stm32f10x_rcc.o(.data)
    .data                                    0x20000028   Section      121  main.o(.data)
    ucRxCnt                                  0x200000a0   Data           1  main.o(.data)
    .data                                    0x200000a2   Section        2  stm32f10x_it.o(.data)
    .data                                    0x200000a4   Section        4  delay.o(.data)
    fac_us                                   0x200000a4   Data           1  delay.o(.data)
    fac_ms                                   0x200000a6   Data           2  delay.o(.data)
    .data                                    0x200000a8   Section        2  uart2.o(.data)
    TxCounter                                0x200000a8   Data           1  uart2.o(.data)
    count                                    0x200000a9   Data           1  uart2.o(.data)
    .data                                    0x200000ac   Section        4  stdout.o(.data)
    .bss                                     0x200000b0   Section      274  main.o(.bss)
    ucRxBuffer                               0x200000c8   Data         250  main.o(.bss)
    .bss                                     0x200001c2   Section       12  bsp_adc.o(.bss)
    .bss                                     0x200001ce   Section       20  dma_uart.o(.bss)
    .bss                                     0x200001e2   Section      256  uart2.o(.bss)
    TxBuffer                                 0x200001e2   Data         256  uart2.o(.bss)
    STACK                                    0x200002e8   Section     1024  startup_stm32f10x_hd.o(STACK)

    Global Symbols

    Symbol Name                              Value     Ov Type        Size  Object(Section)

    BuildAttributes$$THM_ISAv4$P$D$K$B$S$PE$A:L22UL41UL21$X:L11$S22US41US21$IEEE1$IW$USESV6$~STKCKD$USESV7$~SHL$OTIME$ROPI$EBA8$MICROLIB$REQ8$PRES8$EABIv2 0x00000000   Number         0  anon$$obj.o ABSOLUTE
    __ARM_use_no_argv                        0x00000000   Number         0  main.o ABSOLUTE
    _printf_a                                0x00000000   Number         0  stubs.o ABSOLUTE
    _printf_c                                0x00000000   Number         0  stubs.o ABSOLUTE
    _printf_charcount                        0x00000000   Number         0  stubs.o ABSOLUTE
    _printf_d                                0x00000000   Number         0  stubs.o ABSOLUTE
    _printf_e                                0x00000000   Number         0  stubs.o ABSOLUTE
    _printf_f                                0x00000000   Number         0  stubs.o ABSOLUTE
    _printf_flags                            0x00000000   Number         0  stubs.o ABSOLUTE
    _printf_fp_dec                           0x00000000   Number         0  stubs.o ABSOLUTE
    _printf_fp_hex                           0x00000000   Number         0  stubs.o ABSOLUTE
    _printf_g                                0x00000000   Number         0  stubs.o ABSOLUTE
    _printf_i                                0x00000000   Number         0  stubs.o ABSOLUTE
    _printf_int_dec                          0x00000000   Number         0  stubs.o ABSOLUTE
    _printf_l                                0x00000000   Number         0  stubs.o ABSOLUTE
    _printf_lc                               0x00000000   Number         0  stubs.o ABSOLUTE
    _printf_ll                               0x00000000   Number         0  stubs.o ABSOLUTE
    _printf_lld                              0x00000000   Number         0  stubs.o ABSOLUTE
    _printf_lli                              0x00000000   Number         0  stubs.o ABSOLUTE
    _printf_llo                              0x00000000   Number         0  stubs.o ABSOLUTE
    _printf_llu                              0x00000000   Number         0  stubs.o ABSOLUTE
    _printf_llx                              0x00000000   Number         0  stubs.o ABSOLUTE
    _printf_longlong_dec                     0x00000000   Number         0  stubs.o ABSOLUTE
    _printf_longlong_hex                     0x00000000   Number         0  stubs.o ABSOLUTE
    _printf_longlong_oct                     0x00000000   Number         0  stubs.o ABSOLUTE
    _printf_ls                               0x00000000   Number         0  stubs.o ABSOLUTE
    _printf_mbtowc                           0x00000000   Number         0  stubs.o ABSOLUTE
    _printf_n                                0x00000000   Number         0  stubs.o ABSOLUTE
    _printf_o                                0x00000000   Number         0  stubs.o ABSOLUTE
    _printf_p                                0x00000000   Number         0  stubs.o ABSOLUTE
    _printf_percent                          0x00000000   Number         0  stubs.o ABSOLUTE
    _printf_pre_padding                      0x00000000   Number         0  stubs.o ABSOLUTE
    _printf_return_value                     0x00000000   Number         0  stubs.o ABSOLUTE
    _printf_s                                0x00000000   Number         0  stubs.o ABSOLUTE
    _printf_sizespec                         0x00000000   Number         0  stubs.o ABSOLUTE
    _printf_str                              0x00000000   Number         0  stubs.o ABSOLUTE
    _printf_truncate_signed                  0x00000000   Number         0  stubs.o ABSOLUTE
    _printf_truncate_unsigned                0x00000000   Number         0  stubs.o ABSOLUTE
    _printf_u                                0x00000000   Number         0  stubs.o ABSOLUTE
    _printf_wc                               0x00000000   Number         0  stubs.o ABSOLUTE
    _printf_wctomb                           0x00000000   Number         0  stubs.o ABSOLUTE
    _printf_widthprec                        0x00000000   Number         0  stubs.o ABSOLUTE
    _printf_x                                0x00000000   Number         0  stubs.o ABSOLUTE
    __cpp_initialize__aeabi_                  - Undefined Weak Reference
    __cxa_finalize                            - Undefined Weak Reference
    __decompress                              - Undefined Weak Reference
    _clock_init                               - Undefined Weak Reference
    _microlib_exit                            - Undefined Weak Reference
    __Vectors_Size                           0x00000130   Number         0  startup_stm32f10x_hd.o ABSOLUTE
    __Vectors                                0x08000000   Data           4  startup_stm32f10x_hd.o(RESET)
    __Vectors_End                            0x08000130   Data           0  startup_stm32f10x_hd.o(RESET)
    __main                                   0x08000131   Thumb Code     0  entry.o(.ARM.Collect$$$$00000000)
    _main_stk                                0x08000131   Thumb Code     0  entry2.o(.ARM.Collect$$$$00000001)
    _main_scatterload                        0x08000135   Thumb Code     0  entry5.o(.ARM.Collect$$$$00000004)
    __main_after_scatterload                 0x08000139   Thumb Code     0  entry5.o(.ARM.Collect$$$$00000004)
    _main_clock                              0x08000139   Thumb Code     0  entry7b.o(.ARM.Collect$$$$00000008)
    _main_cpp_init                           0x08000139   Thumb Code     0  entry8b.o(.ARM.Collect$$$$0000000A)
    _main_init                               0x08000139   Thumb Code     0  entry9a.o(.ARM.Collect$$$$0000000B)
    __rt_final_cpp                           0x08000141   Thumb Code     0  entry10a.o(.ARM.Collect$$$$0000000D)
    __rt_final_exit                          0x08000141   Thumb Code     0  entry11a.o(.ARM.Collect$$$$0000000F)
    Reset_Handler                            0x08000145   Thumb Code     8  startup_stm32f10x_hd.o(.text)
    ADC1_2_IRQHandler                        0x0800015f   Thumb Code     0  startup_stm32f10x_hd.o(.text)
    ADC3_IRQHandler                          0x0800015f   Thumb Code     0  startup_stm32f10x_hd.o(.text)
    CAN1_RX1_IRQHandler                      0x0800015f   Thumb Code     0  startup_stm32f10x_hd.o(.text)
    CAN1_SCE_IRQHandler                      0x0800015f   Thumb Code     0  startup_stm32f10x_hd.o(.text)
    DMA1_Channel1_IRQHandler                 0x0800015f   Thumb Code     0  startup_stm32f10x_hd.o(.text)
    DMA1_Channel2_IRQHandler                 0x0800015f   Thumb Code     0  startup_stm32f10x_hd.o(.text)
    DMA1_Channel3_IRQHandler                 0x0800015f   Thumb Code     0  startup_stm32f10x_hd.o(.text)
    DMA1_Channel4_IRQHandler                 0x0800015f   Thumb Code     0  startup_stm32f10x_hd.o(.text)
    DMA1_Channel5_IRQHandler                 0x0800015f   Thumb Code     0  startup_stm32f10x_hd.o(.text)
    DMA1_Channel6_IRQHandler                 0x0800015f   Thumb Code     0  startup_stm32f10x_hd.o(.text)
    DMA1_Channel7_IRQHandler                 0x0800015f   Thumb Code     0  startup_stm32f10x_hd.o(.text)
    DMA2_Channel1_IRQHandler                 0x0800015f   Thumb Code     0  startup_stm32f10x_hd.o(.text)
    DMA2_Channel2_IRQHandler                 0x0800015f   Thumb Code     0  startup_stm32f10x_hd.o(.text)
    DMA2_Channel3_IRQHandler                 0x0800015f   Thumb Code     0  startup_stm32f10x_hd.o(.text)
    DMA2_Channel4_5_IRQHandler               0x0800015f   Thumb Code     0  startup_stm32f10x_hd.o(.text)
    EXTI0_IRQHandler                         0x0800015f   Thumb Code     0  startup_stm32f10x_hd.o(.text)
    EXTI15_10_IRQHandler                     0x0800015f   Thumb Code     0  startup_stm32f10x_hd.o(.text)
    EXTI1_IRQHandler                         0x0800015f   Thumb Code     0  startup_stm32f10x_hd.o(.text)
    EXTI2_IRQHandler                         0x0800015f   Thumb Code     0  startup_stm32f10x_hd.o(.text)
    EXTI3_IRQHandler                         0x0800015f   Thumb Code     0  startup_stm32f10x_hd.o(.text)
    EXTI4_IRQHandler                         0x0800015f   Thumb Code     0  startup_stm32f10x_hd.o(.text)
    EXTI9_5_IRQHandler                       0x0800015f   Thumb Code     0  startup_stm32f10x_hd.o(.text)
    FLASH_IRQHandler                         0x0800015f   Thumb Code     0  startup_stm32f10x_hd.o(.text)
    FSMC_IRQHandler                          0x0800015f   Thumb Code     0  startup_stm32f10x_hd.o(.text)
    I2C1_ER_IRQHandler                       0x0800015f   Thumb Code     0  startup_stm32f10x_hd.o(.text)
    I2C1_EV_IRQHandler                       0x0800015f   Thumb Code     0  startup_stm32f10x_hd.o(.text)
    I2C2_ER_IRQHandler                       0x0800015f   Thumb Code     0  startup_stm32f10x_hd.o(.text)
    I2C2_EV_IRQHandler                       0x0800015f   Thumb Code     0  startup_stm32f10x_hd.o(.text)
    PVD_IRQHandler                           0x0800015f   Thumb Code     0  startup_stm32f10x_hd.o(.text)
    RCC_IRQHandler                           0x0800015f   Thumb Code     0  startup_stm32f10x_hd.o(.text)
    RTCAlarm_IRQHandler                      0x0800015f   Thumb Code     0  startup_stm32f10x_hd.o(.text)
    RTC_IRQHandler                           0x0800015f   Thumb Code     0  startup_stm32f10x_hd.o(.text)
    SDIO_IRQHandler                          0x0800015f   Thumb Code     0  startup_stm32f10x_hd.o(.text)
    SPI1_IRQHandler                          0x0800015f   Thumb Code     0  startup_stm32f10x_hd.o(.text)
    SPI2_IRQHandler                          0x0800015f   Thumb Code     0  startup_stm32f10x_hd.o(.text)
    SPI3_IRQHandler                          0x0800015f   Thumb Code     0  startup_stm32f10x_hd.o(.text)
    TAMPER_IRQHandler                        0x0800015f   Thumb Code     0  startup_stm32f10x_hd.o(.text)
    TIM1_BRK_IRQHandler                      0x0800015f   Thumb Code     0  startup_stm32f10x_hd.o(.text)
    TIM1_CC_IRQHandler                       0x0800015f   Thumb Code     0  startup_stm32f10x_hd.o(.text)
    TIM1_TRG_COM_IRQHandler                  0x0800015f   Thumb Code     0  startup_stm32f10x_hd.o(.text)
    TIM1_UP_IRQHandler                       0x0800015f   Thumb Code     0  startup_stm32f10x_hd.o(.text)
    TIM2_IRQHandler                          0x0800015f   Thumb Code     0  startup_stm32f10x_hd.o(.text)
    TIM3_IRQHandler                          0x0800015f   Thumb Code     0  startup_stm32f10x_hd.o(.text)
    TIM4_IRQHandler                          0x0800015f   Thumb Code     0  startup_stm32f10x_hd.o(.text)
    TIM5_IRQHandler                          0x0800015f   Thumb Code     0  startup_stm32f10x_hd.o(.text)
    TIM6_IRQHandler                          0x0800015f   Thumb Code     0  startup_stm32f10x_hd.o(.text)
    TIM7_IRQHandler                          0x0800015f   Thumb Code     0  startup_stm32f10x_hd.o(.text)
    TIM8_BRK_IRQHandler                      0x0800015f   Thumb Code     0  startup_stm32f10x_hd.o(.text)
    TIM8_CC_IRQHandler                       0x0800015f   Thumb Code     0  startup_stm32f10x_hd.o(.text)
    TIM8_TRG_COM_IRQHandler                  0x0800015f   Thumb Code     0  startup_stm32f10x_hd.o(.text)
    TIM8_UP_IRQHandler                       0x0800015f   Thumb Code     0  startup_stm32f10x_hd.o(.text)
    UART5_IRQHandler                         0x0800015f   Thumb Code     0  startup_stm32f10x_hd.o(.text)
    USART2_IRQHandler                        0x0800015f   Thumb Code     0  startup_stm32f10x_hd.o(.text)
    USART3_IRQHandler                        0x0800015f   Thumb Code     0  startup_stm32f10x_hd.o(.text)
    USBWakeUp_IRQHandler                     0x0800015f   Thumb Code     0  startup_stm32f10x_hd.o(.text)
    USB_HP_CAN1_TX_IRQHandler                0x0800015f   Thumb Code     0  startup_stm32f10x_hd.o(.text)
    USB_LP_CAN1_RX0_IRQHandler               0x0800015f   Thumb Code     0  startup_stm32f10x_hd.o(.text)
    WWDG_IRQHandler                          0x0800015f   Thumb Code     0  startup_stm32f10x_hd.o(.text)
    __aeabi_fmul                             0x08000169   Thumb Code   100  fmul.o(.text)
    __aeabi_fdiv                             0x080001cd   Thumb Code   124  fdiv.o(.text)
    __aeabi_i2f                              0x08000249   Thumb Code    18  fflti.o(.text)
    __aeabi_f2iz                             0x0800025b   Thumb Code    50  ffixi.o(.text)
    __aeabi_uidiv                            0x0800028d   Thumb Code     0  uidiv.o(.text)
    __aeabi_uidivmod                         0x0800028d   Thumb Code    44  uidiv.o(.text)
    __I$use$fp                               0x080002b9   Thumb Code     0  iusefp.o(.text)
    _float_round                             0x080002b9   Thumb Code    18  fepilogue.o(.text)
    _float_epilogue                          0x080002cb   Thumb Code    92  fepilogue.o(.text)
    __scatterload                            0x08000329   Thumb Code    28  init.o(.text)
    __scatterload_rt2                        0x08000329   Thumb Code     0  init.o(.text)
    ADC_Cmd                                  0x0800034d   Thumb Code    22  stm32f10x_adc.o(i.ADC_Cmd)
    ADC_DMACmd                               0x08000363   Thumb Code    22  stm32f10x_adc.o(i.ADC_DMACmd)
    ADC_GetCalibrationStatus                 0x08000379   Thumb Code    20  stm32f10x_adc.o(i.ADC_GetCalibrationStatus)
    ADC_GetResetCalibrationStatus            0x0800038d   Thumb Code    20  stm32f10x_adc.o(i.ADC_GetResetCalibrationStatus)
    ADC_Init                                 0x080003a1   Thumb Code    70  stm32f10x_adc.o(i.ADC_Init)
    ADC_RegularChannelConfig                 0x080003f1   Thumb Code   184  stm32f10x_adc.o(i.ADC_RegularChannelConfig)
    ADC_ResetCalibration                     0x080004a9   Thumb Code    10  stm32f10x_adc.o(i.ADC_ResetCalibration)
    ADC_SoftwareStartConvCmd                 0x080004b3   Thumb Code    22  stm32f10x_adc.o(i.ADC_SoftwareStartConvCmd)
    ADC_StartCalibration                     0x080004c9   Thumb Code    10  stm32f10x_adc.o(i.ADC_StartCalibration)
    ADCx_Init                                0x080004f9   Thumb Code    12  bsp_adc.o(i.ADCx_Init)
    BusFault_Handler                         0x080007e5   Thumb Code     4  stm32f10x_it.o(i.BusFault_Handler)
    CopeSerial2Data                          0x080007e9   Thumb Code   236  main.o(i.CopeSerial2Data)
    DMA_Cmd                                  0x08000905   Thumb Code    24  stm32f10x_dma.o(i.DMA_Cmd)
    DMA_Config                               0x0800091d   Thumb Code    72  dma_uart.o(i.DMA_Config)
    DMA_DeInit                               0x08000971   Thumb Code   324  stm32f10x_dma.o(i.DMA_DeInit)
    DMA_GetCurrDataCounter                   0x08000abd   Thumb Code     8  stm32f10x_dma.o(i.DMA_GetCurrDataCounter)
    DMA_Init                                 0x08000ac5   Thumb Code    60  stm32f10x_dma.o(i.DMA_Init)
    DMA_UART_Config                          0x08000b01   Thumb Code   182  dma_uart.o(i.DMA_UART_Config)
    DebugMon_Handler                         0x08000bc1   Thumb Code     2  stm32f10x_it.o(i.DebugMon_Handler)
    GPIO_Init                                0x08000bc3   Thumb Code   278  stm32f10x_gpio.o(i.GPIO_Init)
    GPIO_WriteBit                            0x08000cd9   Thumb Code    10  stm32f10x_gpio.o(i.GPIO_WriteBit)
    General_Light_Config                     0x08000ce3   Thumb Code    12  light.o(i.General_Light_Config)
    General_Motor_Config                     0x08000cef   Thumb Code    16  motor.o(i.General_Motor_Config)
    General_Servo_Config                     0x08000cff   Thumb Code    12  servo.o(i.General_Servo_Config)
    HardFault_Handler                        0x08000d0b   Thumb Code     4  stm32f10x_it.o(i.HardFault_Handler)
    Initial_UART4                            0x08000d11   Thumb Code   172  uart2.o(i.Initial_UART4)
    LeftBackMotor                            0x08000e41   Thumb Code    38  motor.o(i.LeftBackMotor)
    LeftFrontMotor                           0x08000e71   Thumb Code    38  motor.o(i.LeftFrontMotor)
    LightPwnSet                              0x08000ea1   Thumb Code    34  light.o(i.LightPwnSet)
    MemManage_Handler                        0x08000ecd   Thumb Code     4  stm32f10x_it.o(i.MemManage_Handler)
    NMI_Handler                              0x08000ed1   Thumb Code     2  stm32f10x_it.o(i.NMI_Handler)
    NVIC_Init                                0x08000ed5   Thumb Code   100  misc.o(i.NVIC_Init)
    PendSV_Handler                           0x08000fd5   Thumb Code     2  stm32f10x_it.o(i.PendSV_Handler)
    PlatAngleSet                             0x08000fd9   Thumb Code    24  servo.o(i.PlatAngleSet)
    RCC_ADCCLKConfig                         0x08000ff5   Thumb Code    18  stm32f10x_rcc.o(i.RCC_ADCCLKConfig)
    RCC_AHBPeriphClockCmd                    0x0800100d   Thumb Code    26  stm32f10x_rcc.o(i.RCC_AHBPeriphClockCmd)
    RCC_APB1PeriphClockCmd                   0x0800102d   Thumb Code    26  stm32f10x_rcc.o(i.RCC_APB1PeriphClockCmd)
    RCC_APB1PeriphResetCmd                   0x0800104d   Thumb Code    26  stm32f10x_rcc.o(i.RCC_APB1PeriphResetCmd)
    RCC_APB2PeriphClockCmd                   0x0800106d   Thumb Code    26  stm32f10x_rcc.o(i.RCC_APB2PeriphClockCmd)
    RCC_APB2PeriphResetCmd                   0x0800108d   Thumb Code    26  stm32f10x_rcc.o(i.RCC_APB2PeriphResetCmd)
    RCC_GetClocksFreq                        0x080010ad   Thumb Code   192  stm32f10x_rcc.o(i.RCC_GetClocksFreq)
    RightBackMotor                           0x08001181   Thumb Code    38  motor.o(i.RightBackMotor)
    RightFrontMotor                          0x080011b1   Thumb Code    38  motor.o(i.RightFrontMotor)
    SVC_Handler                              0x080011e1   Thumb Code     2  stm32f10x_it.o(i.SVC_Handler)
    SysTick_CLKSourceConfig                  0x080012cd   Thumb Code    40  misc.o(i.SysTick_CLKSourceConfig)
    SysTick_Handler                          0x080012f5   Thumb Code     2  stm32f10x_it.o(i.SysTick_Handler)
    SystemInit                               0x080012f9   Thumb Code    78  system_stm32f10x.o(i.SystemInit)
    TIM_Cmd                                  0x080014f9   Thumb Code    24  stm32f10x_tim.o(i.TIM_Cmd)
    TIM_OC1Init                              0x08001511   Thumb Code   132  stm32f10x_tim.o(i.TIM_OC1Init)
    TIM_OC1PreloadConfig                     0x080015a9   Thumb Code    18  stm32f10x_tim.o(i.TIM_OC1PreloadConfig)
    TIM_OC2Init                              0x080015bd   Thumb Code   154  stm32f10x_tim.o(i.TIM_OC2Init)
    TIM_OC2PreloadConfig                     0x08001661   Thumb Code    26  stm32f10x_tim.o(i.TIM_OC2PreloadConfig)
    TIM_OC3Init                              0x0800167d   Thumb Code   150  stm32f10x_tim.o(i.TIM_OC3Init)
    TIM_OC3PreloadConfig                     0x0800171d   Thumb Code    18  stm32f10x_tim.o(i.TIM_OC3PreloadConfig)
    TIM_OC4Init                              0x08001731   Thumb Code   114  stm32f10x_tim.o(i.TIM_OC4Init)
    TIM_OC4PreloadConfig                     0x080017ad   Thumb Code    26  stm32f10x_tim.o(i.TIM_OC4PreloadConfig)
    TIM_SetCompare1                          0x080017c7   Thumb Code     4  stm32f10x_tim.o(i.TIM_SetCompare1)
    TIM_SetCompare2                          0x080017cb   Thumb Code     4  stm32f10x_tim.o(i.TIM_SetCompare2)
    TIM_SetCompare3                          0x080017cf   Thumb Code     4  stm32f10x_tim.o(i.TIM_SetCompare3)
    TIM_SetCompare4                          0x080017d3   Thumb Code     6  stm32f10x_tim.o(i.TIM_SetCompare4)
    TIM_TimeBaseInit                         0x080017d9   Thumb Code   122  stm32f10x_tim.o(i.TIM_TimeBaseInit)
    UART4_IRQHandler                         0x0800187d   Thumb Code   118  uart2.o(i.UART4_IRQHandler)
    USART1_IRQHandler                        0x08001905   Thumb Code    56  stm32f10x_it.o(i.USART1_IRQHandler)
    USART_ClearFlag                          0x0800194d   Thumb Code    18  stm32f10x_usart.o(i.USART_ClearFlag)
    USART_ClearITPendingBit                  0x0800195f   Thumb Code    30  stm32f10x_usart.o(i.USART_ClearITPendingBit)
    USART_Cmd                                0x0800197d   Thumb Code    24  stm32f10x_usart.o(i.USART_Cmd)
    USART_DMACmd                             0x08001995   Thumb Code    18  stm32f10x_usart.o(i.USART_DMACmd)
    USART_DeInit                             0x080019a9   Thumb Code   134  stm32f10x_usart.o(i.USART_DeInit)
    USART_GetFlagStatus                      0x08001a45   Thumb Code    26  stm32f10x_usart.o(i.USART_GetFlagStatus)
    USART_GetITStatus                        0x08001a5f   Thumb Code    84  stm32f10x_usart.o(i.USART_GetITStatus)
    USART_ITConfig                           0x08001ab3   Thumb Code    74  stm32f10x_usart.o(i.USART_ITConfig)
    USART_Init                               0x08001afd   Thumb Code   210  stm32f10x_usart.o(i.USART_Init)
    USART_ReceiveData                        0x08001bd5   Thumb Code    10  stm32f10x_usart.o(i.USART_ReceiveData)
    USART_SendData                           0x08001bdf   Thumb Code     8  stm32f10x_usart.o(i.USART_SendData)
    UsageFault_Handler                       0x08001be7   Thumb Code     4  stm32f10x_it.o(i.UsageFault_Handler)
    __0printf$1                              0x08001bed   Thumb Code    22  printf1.o(i.__0printf$1)
    __1printf$1                              0x08001bed   Thumb Code     0  printf1.o(i.__0printf$1)
    __2printf                                0x08001bed   Thumb Code     0  printf1.o(i.__0printf$1)
    __scatterload_copy                       0x08001c0d   Thumb Code    14  handlers.o(i.__scatterload_copy)
    __scatterload_null                       0x08001c1b   Thumb Code     2  handlers.o(i.__scatterload_null)
    __scatterload_zeroinit                   0x08001c1d   Thumb Code    14  handlers.o(i.__scatterload_zeroinit)
    delay_init                               0x08001d81   Thumb Code    50  delay.o(i.delay_init)
    delay_ms                                 0x08001dc5   Thumb Code    72  delay.o(i.delay_ms)
    fputc                                    0x08001e11   Thumb Code    32  dma_uart.o(i.fputc)
    main                                     0x08001e35   Thumb Code   672  main.o(i.main)
    Region$$Table$$Base                      0x08002170   Number         0  anon$$obj.o(Region$$Table)
    Region$$Table$$Limit                     0x08002190   Number         0  anon$$obj.o(Region$$Table)
    SystemCoreClock                          0x20000000   Data           4  system_stm32f10x.o(.data)
    AHBPrescTable                            0x20000004   Data          16  system_stm32f10x.o(.data)
    pitch_angle                              0x20000028   Data           1  main.o(.data)
    roll_angle                               0x20000029   Data           1  main.o(.data)
    leftFront_EN                             0x2000002a   Data           1  main.o(.data)
    leftFront_DIR                            0x2000002b   Data           1  main.o(.data)
    leftFront_pwm                            0x2000002c   Data           1  main.o(.data)
    rightFront_EN                            0x2000002d   Data           1  main.o(.data)
    rightFront_DIR                           0x2000002e   Data           1  main.o(.data)
    rightFront_pwm                           0x2000002f   Data           1  main.o(.data)
    leftBack_EN                              0x20000030   Data           1  main.o(.data)
    leftBack_DIR                             0x20000031   Data           1  main.o(.data)
    leftBack_pwm                             0x20000032   Data           1  main.o(.data)
    rightBack_EN                             0x20000033   Data           1  main.o(.data)
    rightBack_DIR                            0x20000034   Data           1  main.o(.data)
    rightBack_pwm                            0x20000035   Data           1  main.o(.data)
    light_pwm                                0x20000036   Data           1  main.o(.data)
    ReceiveComplete                          0x20000037   Data           1  main.o(.data)
    stcTime                                  0x20000038   Data           8  main.o(.data)
    stcAcc                                   0x20000040   Data           8  main.o(.data)
    stcGyro                                  0x20000048   Data           8  main.o(.data)
    stcAngle                                 0x20000050   Data           8  main.o(.data)
    stcMag                                   0x20000058   Data           8  main.o(.data)
    stcDStatus                               0x20000060   Data           8  main.o(.data)
    stcPress                                 0x20000068   Data           8  main.o(.data)
    stcLonLat                                0x20000070   Data           8  main.o(.data)
    stcGPSV                                  0x20000078   Data           8  main.o(.data)
    stcQ                                     0x20000080   Data           8  main.o(.data)
    x                                        0x20000088   Data           4  main.o(.data)
    y                                        0x2000008c   Data           4  main.o(.data)
    z                                        0x20000090   Data           4  main.o(.data)
    strightFlag                              0x20000094   Data           1  main.o(.data)
    first_in                                 0x20000095   Data           1  main.o(.data)
    ini_angle                                0x20000098   Data           4  main.o(.data)
    cur_angle                                0x2000009c   Data           4  main.o(.data)
    Usart1_Rec_Cnt                           0x200000a2   Data           2  stm32f10x_it.o(.data)
    __stdout                                 0x200000ac   Data           4  stdout.o(.data)
    ADC_ConvertedValueLocal                  0x200000b0   Data          24  main.o(.bss)
    ADC_ConvertedValue                       0x200001c2   Data          12  bsp_adc.o(.bss)
    DMA_Rece_Buf                             0x200001ce   Data          20  dma_uart.o(.bss)
    __initial_sp                             0x200006e8   Data           0  startup_stm32f10x_hd.o(STACK)



==============================================================================

Memory Map of the image

  Image Entry point : 0x08000145

  Load Region LR_1 (Base: 0x08000000, Size: 0x00002240, Max: 0xffffffff, ABSOLUTE)

    Execution Region ER_RO (Base: 0x08000000, Size: 0x00002190, Max: 0xffffffff, ABSOLUTE)

    Base Addr    Size         Type   Attr      Idx    E Section Name        Object

    0x08000000   0x00000130   Data   RO            3    RESET               startup_stm32f10x_hd.o
    0x08000130   0x00000000   Code   RO         2321  * .ARM.Collect$$$$00000000  mc_w.l(entry.o)
    0x08000130   0x00000004   Code   RO         2593    .ARM.Collect$$$$00000001  mc_w.l(entry2.o)
    0x08000134   0x00000004   Code   RO         2596    .ARM.Collect$$$$00000004  mc_w.l(entry5.o)
    0x08000138   0x00000000   Code   RO         2598    .ARM.Collect$$$$00000008  mc_w.l(entry7b.o)
    0x08000138   0x00000000   Code   RO         2600    .ARM.Collect$$$$0000000A  mc_w.l(entry8b.o)
    0x08000138   0x00000008   Code   RO         2601    .ARM.Collect$$$$0000000B  mc_w.l(entry9a.o)
    0x08000140   0x00000000   Code   RO         2603    .ARM.Collect$$$$0000000D  mc_w.l(entry10a.o)
    0x08000140   0x00000000   Code   RO         2605    .ARM.Collect$$$$0000000F  mc_w.l(entry11a.o)
    0x08000140   0x00000004   Code   RO         2594    .ARM.Collect$$$$00002712  mc_w.l(entry2.o)
    0x08000144   0x00000024   Code   RO            4  * .text               startup_stm32f10x_hd.o
    0x08000168   0x00000064   Code   RO         2585    .text               mf_w.l(fmul.o)
    0x080001cc   0x0000007c   Code   RO         2587    .text               mf_w.l(fdiv.o)
    0x08000248   0x00000012   Code   RO         2589    .text               mf_w.l(fflti.o)
    0x0800025a   0x00000032   Code   RO         2591    .text               mf_w.l(ffixi.o)
    0x0800028c   0x0000002c   Code   RO         2608    .text               mc_w.l(uidiv.o)
    0x080002b8   0x00000000   Code   RO         2612    .text               mc_w.l(iusefp.o)
    0x080002b8   0x0000006e   Code   RO         2613    .text               mf_w.l(fepilogue.o)
    0x08000326   0x00000002   PAD
    0x08000328   0x00000024   Code   RO         2625    .text               mc_w.l(init.o)
    0x0800034c   0x00000016   Code   RO         1363    i.ADC_Cmd           stm32f10x_adc.o
    0x08000362   0x00000016   Code   RO         1364    i.ADC_DMACmd        stm32f10x_adc.o
    0x08000378   0x00000014   Code   RO         1371    i.ADC_GetCalibrationStatus  stm32f10x_adc.o
    0x0800038c   0x00000014   Code   RO         1377    i.ADC_GetResetCalibrationStatus  stm32f10x_adc.o
    0x080003a0   0x00000050   Code   RO         1381    i.ADC_Init          stm32f10x_adc.o
    0x080003f0   0x000000b8   Code   RO         1385    i.ADC_RegularChannelConfig  stm32f10x_adc.o
    0x080004a8   0x0000000a   Code   RO         1386    i.ADC_ResetCalibration  stm32f10x_adc.o
    0x080004b2   0x00000016   Code   RO         1388    i.ADC_SoftwareStartConvCmd  stm32f10x_adc.o
    0x080004c8   0x0000000a   Code   RO         1390    i.ADC_StartCalibration  stm32f10x_adc.o
    0x080004d2   0x00000002   PAD
    0x080004d4   0x00000024   Code   RO         2075    i.ADCx_GPIO_Config  bsp_adc.o
    0x080004f8   0x0000000c   Code   RO         2076    i.ADCx_Init         bsp_adc.o
    0x08000504   0x00000134   Code   RO         2077    i.ADCx_Mode_Config  bsp_adc.o
    0x08000638   0x00000118   Code   RO         1970    i.BASE_EN_DIR_PORT_Config  motor.o
    0x08000750   0x00000094   Code   RO         1971    i.BASE_PWM_GPIO_Config  motor.o
    0x080007e4   0x00000004   Code   RO         1897    i.BusFault_Handler  stm32f10x_it.o
    0x080007e8   0x0000011c   Code   RO         1831    i.CopeSerial2Data   main.o
    0x08000904   0x00000018   Code   RO         1581    i.DMA_Cmd           stm32f10x_dma.o
    0x0800091c   0x00000054   Code   RO         2128    i.DMA_Config        dma_uart.o
    0x08000970   0x0000014c   Code   RO         1582    i.DMA_DeInit        stm32f10x_dma.o
    0x08000abc   0x00000008   Code   RO         1583    i.DMA_GetCurrDataCounter  stm32f10x_dma.o
    0x08000ac4   0x0000003c   Code   RO         1587    i.DMA_Init          stm32f10x_dma.o
    0x08000b00   0x000000c0   Code   RO         2129    i.DMA_UART_Config   dma_uart.o
    0x08000bc0   0x00000002   Code   RO         1898    i.DebugMon_Handler  stm32f10x_it.o
    0x08000bc2   0x00000116   Code   RO          225    i.GPIO_Init         stm32f10x_gpio.o
    0x08000cd8   0x0000000a   Code   RO          236    i.GPIO_WriteBit     stm32f10x_gpio.o
    0x08000ce2   0x0000000c   Code   RO         2185    i.General_Light_Config  light.o
    0x08000cee   0x00000010   Code   RO         1972    i.General_Motor_Config  motor.o
    0x08000cfe   0x0000000c   Code   RO         2100    i.General_Servo_Config  servo.o
    0x08000d0a   0x00000004   Code   RO         1899    i.HardFault_Handler  stm32f10x_it.o
    0x08000d0e   0x00000002   PAD
    0x08000d10   0x000000b8   Code   RO         2288    i.Initial_UART4     uart2.o
    0x08000dc8   0x00000078   Code   RO         2186    i.LIGHT_PWM_GPIO_Config  light.o
    0x08000e40   0x00000030   Code   RO         1973    i.LeftBackMotor     motor.o
    0x08000e70   0x00000030   Code   RO         1974    i.LeftFrontMotor    motor.o
    0x08000ea0   0x0000002c   Code   RO         2187    i.LightPwnSet       light.o
    0x08000ecc   0x00000004   Code   RO         1900    i.MemManage_Handler  stm32f10x_it.o
    0x08000ed0   0x00000002   Code   RO         1901    i.NMI_Handler       stm32f10x_it.o
    0x08000ed2   0x00000002   PAD
    0x08000ed4   0x00000070   Code   RO          137    i.NVIC_Init         misc.o
    0x08000f44   0x00000090   Code   RO         2101    i.PLAT_PWM_GPIO_Config  servo.o
    0x08000fd4   0x00000002   Code   RO         1902    i.PendSV_Handler    stm32f10x_it.o
    0x08000fd6   0x00000002   PAD
    0x08000fd8   0x0000001c   Code   RO         2102    i.PlatAngleSet      servo.o
    0x08000ff4   0x00000018   Code   RO          333    i.RCC_ADCCLKConfig  stm32f10x_rcc.o
    0x0800100c   0x00000020   Code   RO          334    i.RCC_AHBPeriphClockCmd  stm32f10x_rcc.o
    0x0800102c   0x00000020   Code   RO          335    i.RCC_APB1PeriphClockCmd  stm32f10x_rcc.o
    0x0800104c   0x00000020   Code   RO          336    i.RCC_APB1PeriphResetCmd  stm32f10x_rcc.o
    0x0800106c   0x00000020   Code   RO          337    i.RCC_APB2PeriphClockCmd  stm32f10x_rcc.o
    0x0800108c   0x00000020   Code   RO          338    i.RCC_APB2PeriphResetCmd  stm32f10x_rcc.o
    0x080010ac   0x000000d4   Code   RO          345    i.RCC_GetClocksFreq  stm32f10x_rcc.o
    0x08001180   0x00000030   Code   RO         1975    i.RightBackMotor    motor.o
    0x080011b0   0x00000030   Code   RO         1976    i.RightFrontMotor   motor.o
    0x080011e0   0x00000002   Code   RO         1903    i.SVC_Handler       stm32f10x_it.o
    0x080011e2   0x00000008   Code   RO           24    i.SetSysClock       system_stm32f10x.o
    0x080011ea   0x00000002   PAD
    0x080011ec   0x000000e0   Code   RO           25    i.SetSysClockTo72   system_stm32f10x.o
    0x080012cc   0x00000028   Code   RO          141    i.SysTick_CLKSourceConfig  misc.o
    0x080012f4   0x00000002   Code   RO         1904    i.SysTick_Handler   stm32f10x_it.o
    0x080012f6   0x00000002   PAD
    0x080012f8   0x00000060   Code   RO           27    i.SystemInit        system_stm32f10x.o
    0x08001358   0x00000098   Code   RO         1977    i.TIM3_Mode_Config  motor.o
    0x080013f0   0x0000006c   Code   RO         2188    i.TIM4_Mode_Config  light.o
    0x0800145c   0x0000009c   Code   RO         2103    i.TIM5_Mode_Config  servo.o
    0x080014f8   0x00000018   Code   RO          825    i.TIM_Cmd           stm32f10x_tim.o
    0x08001510   0x00000098   Code   RO          854    i.TIM_OC1Init       stm32f10x_tim.o
    0x080015a8   0x00000012   Code   RO          857    i.TIM_OC1PreloadConfig  stm32f10x_tim.o
    0x080015ba   0x00000002   PAD
    0x080015bc   0x000000a4   Code   RO          859    i.TIM_OC2Init       stm32f10x_tim.o
    0x08001660   0x0000001a   Code   RO          862    i.TIM_OC2PreloadConfig  stm32f10x_tim.o
    0x0800167a   0x00000002   PAD
    0x0800167c   0x000000a0   Code   RO          864    i.TIM_OC3Init       stm32f10x_tim.o
    0x0800171c   0x00000012   Code   RO          867    i.TIM_OC3PreloadConfig  stm32f10x_tim.o
    0x0800172e   0x00000002   PAD
    0x08001730   0x0000007c   Code   RO          869    i.TIM_OC4Init       stm32f10x_tim.o
    0x080017ac   0x0000001a   Code   RO          871    i.TIM_OC4PreloadConfig  stm32f10x_tim.o
    0x080017c6   0x00000004   Code   RO          886    i.TIM_SetCompare1   stm32f10x_tim.o
    0x080017ca   0x00000004   Code   RO          887    i.TIM_SetCompare2   stm32f10x_tim.o
    0x080017ce   0x00000004   Code   RO          888    i.TIM_SetCompare3   stm32f10x_tim.o
    0x080017d2   0x00000006   Code   RO          889    i.TIM_SetCompare4   stm32f10x_tim.o
    0x080017d8   0x000000a4   Code   RO          896    i.TIM_TimeBaseInit  stm32f10x_tim.o
    0x0800187c   0x00000088   Code   RO         2289    i.UART4_IRQHandler  uart2.o
    0x08001904   0x00000048   Code   RO         1905    i.USART1_IRQHandler  stm32f10x_it.o
    0x0800194c   0x00000012   Code   RO         1651    i.USART_ClearFlag   stm32f10x_usart.o
    0x0800195e   0x0000001e   Code   RO         1652    i.USART_ClearITPendingBit  stm32f10x_usart.o
    0x0800197c   0x00000018   Code   RO         1655    i.USART_Cmd         stm32f10x_usart.o
    0x08001994   0x00000012   Code   RO         1656    i.USART_DMACmd      stm32f10x_usart.o
    0x080019a6   0x00000002   PAD
    0x080019a8   0x0000009c   Code   RO         1657    i.USART_DeInit      stm32f10x_usart.o
    0x08001a44   0x0000001a   Code   RO         1658    i.USART_GetFlagStatus  stm32f10x_usart.o
    0x08001a5e   0x00000054   Code   RO         1659    i.USART_GetITStatus  stm32f10x_usart.o
    0x08001ab2   0x0000004a   Code   RO         1661    i.USART_ITConfig    stm32f10x_usart.o
    0x08001afc   0x000000d8   Code   RO         1662    i.USART_Init        stm32f10x_usart.o
    0x08001bd4   0x0000000a   Code   RO         1669    i.USART_ReceiveData  stm32f10x_usart.o
    0x08001bde   0x00000008   Code   RO         1672    i.USART_SendData    stm32f10x_usart.o
    0x08001be6   0x00000004   Code   RO         1906    i.UsageFault_Handler  stm32f10x_it.o
    0x08001bea   0x00000002   PAD
    0x08001bec   0x00000020   Code   RO         2369    i.__0printf$1       mc_w.l(printf1.o)
    0x08001c0c   0x0000000e   Code   RO         2637    i.__scatterload_copy  mc_w.l(handlers.o)
    0x08001c1a   0x00000002   Code   RO         2638    i.__scatterload_null  mc_w.l(handlers.o)
    0x08001c1c   0x0000000e   Code   RO         2639    i.__scatterload_zeroinit  mc_w.l(handlers.o)
    0x08001c2a   0x00000002   PAD
    0x08001c2c   0x00000154   Code   RO         2376    i._printf_core      mc_w.l(printf1.o)
    0x08001d80   0x00000044   Code   RO         2021    i.delay_init        delay.o
    0x08001dc4   0x0000004c   Code   RO         2022    i.delay_ms          delay.o
    0x08001e10   0x00000024   Code   RO         2135    i.fputc             dma_uart.o
    0x08001e34   0x0000033c   Code   RO         1832    i.main              main.o
    0x08002170   0x00000020   Data   RO         2635    Region$$Table       anon$$obj.o


    Execution Region ER_RW (Base: 0x20000000, Size: 0x000000b0, Max: 0xffffffff, ABSOLUTE)

    Base Addr    Size         Type   Attr      Idx    E Section Name        Object

    0x20000000   0x00000014   Data   RW           28    .data               system_stm32f10x.o
    0x20000014   0x00000014   Data   RW          365    .data               stm32f10x_rcc.o
    0x20000028   0x00000079   Data   RW         1834    .data               main.o
    0x200000a1   0x00000001   PAD
    0x200000a2   0x00000002   Data   RW         1907    .data               stm32f10x_it.o
    0x200000a4   0x00000004   Data   RW         2024    .data               delay.o
    0x200000a8   0x00000002   Data   RW         2293    .data               uart2.o
    0x200000aa   0x00000002   PAD
    0x200000ac   0x00000004   Data   RW         2607    .data               mc_w.l(stdout.o)


    Execution Region ER_ZI (Base: 0x200000b0, Size: 0x00000638, Max: 0xffffffff, ABSOLUTE)

    Base Addr    Size         Type   Attr      Idx    E Section Name        Object

    0x200000b0   0x00000112   Zero   RW         1833    .bss                main.o
    0x200001c2   0x0000000c   Zero   RW         2078    .bss                bsp_adc.o
    0x200001ce   0x00000014   Zero   RW         2136    .bss                dma_uart.o
    0x200001e2   0x00000100   Zero   RW         2292    .bss                uart2.o
    0x200002e2   0x00000006   PAD
    0x200002e8   0x00000400   Zero   RW            1    STACK               startup_stm32f10x_hd.o


==============================================================================

Image component sizes


      Code (inc. data)   RO Data    RW Data    ZI Data      Debug   Object Name

       356         16          0          0         12       2249   bsp_adc.o
         0          0          0          0          0       4504   core_cm3.o
       144         22          0          4          0       1264   delay.o
       312         26          0          0         20       2498   dma_uart.o
       284         24          0          0          0       2145   light.o
      1112        214          0        121        274       6967   main.o
       152         12          0          0          0       1626   misc.o
       788         58          0          0          0       4691   motor.o
       340         14          0          0          0       2222   servo.o
        36          8        304          0       1024        880   startup_stm32f10x_hd.o
       390         10          0          0          0       7625   stm32f10x_adc.o
       424          8          0          0          0       4103   stm32f10x_dma.o
       288          0          0          0          0       2616   stm32f10x_gpio.o
        98         16          0          2          0       4903   stm32f10x_it.o
       396         56          0         20          0       6923   stm32f10x_rcc.o
       894         92          0          0          0       9481   stm32f10x_tim.o
       664         28          0          0          0       8831   stm32f10x_usart.o
       328         28          0         20          0     269929   system_stm32f10x.o
       320         30          0          2        256       2131   uart2.o

    ----------------------------------------------------------------------
      7348        662        336        172       1592     345588   Object Totals
         0          0         32          0          0          0   (incl. Generated)
        22          0          0          3          6          0   (incl. Padding)

    ----------------------------------------------------------------------

      Code (inc. data)   RO Data    RW Data    ZI Data      Debug   Library Member Name

         0          0          0          0          0          0   entry.o
         0          0          0          0          0          0   entry10a.o
         0          0          0          0          0          0   entry11a.o
         8          4          0          0          0          0   entry2.o
         4          0          0          0          0          0   entry5.o
         0          0          0          0          0          0   entry7b.o
         0          0          0          0          0          0   entry8b.o
         8          4          0          0          0          0   entry9a.o
        30          0          0          0          0          0   handlers.o
        36          8          0          0          0         68   init.o
         0          0          0          0          0          0   iusefp.o
       372         14          0          0          0        184   printf1.o
         0          0          0          4          0          0   stdout.o
        44          0          0          0          0         80   uidiv.o
       124          0          0          0          0         88   fdiv.o
       110          0          0          0          0        168   fepilogue.o
        50          0          0          0          0         68   ffixi.o
        18          0          0          0          0         68   fflti.o
       100          0          0          0          0         76   fmul.o

    ----------------------------------------------------------------------
       908         30          0          4          0        800   Library Totals
         4          0          0          0          0          0   (incl. Padding)

    ----------------------------------------------------------------------

      Code (inc. data)   RO Data    RW Data    ZI Data      Debug   Library Name

       502         30          0          4          0        332   mc_w.l
       402          0          0          0          0        468   mf_w.l

    ----------------------------------------------------------------------
       908         30          0          4          0        800   Library Totals

    ----------------------------------------------------------------------

==============================================================================


      Code (inc. data)   RO Data    RW Data    ZI Data      Debug   

      8256        692        336        176       1592     341756   Grand Totals
      8256        692        336        176       1592     341756   ELF Image Totals
      8256        692        336        176          0          0   ROM Totals

==============================================================================

    Total RO  Size (Code + RO Data)                 8592 (   8.39kB)
    Total RW  Size (RW Data + ZI Data)              1768 (   1.73kB)
    Total ROM Size (Code + RO Data + RW Data)       8768 (   8.56kB)

==============================================================================

